md2.c:82:6:mbedtls_md2_init	8	static
md2.c:87:6:mbedtls_md2_free	8	static
md2.c:95:6:mbedtls_md2_clone	8	static
md2.c:104:5:mbedtls_md2_starts_ret	8	static
md2.c:115:6:mbedtls_md2_starts	8	static
md2.c:122:5:mbedtls_internal_md2_process	16	static
md2.c:159:6:mbedtls_md2_process	8	static
md2.c:169:5:mbedtls_md2_update_ret	32	static
md2.c:201:6:mbedtls_md2_update	8	static
md2.c:212:5:mbedtls_md2_finish_ret	16	static
md2.c:237:6:mbedtls_md2_finish	8	static
md2.c:249:5:mbedtls_md2_ret	112	static
md2.c:274:6:mbedtls_md2	8	static
md2.c:325:5:mbedtls_md2_self_test	56	static
