sha256.c:81:6:mbedtls_sha256_init	8	static
sha256.c:88:6:mbedtls_sha256_free	8	static
sha256.c:96:6:mbedtls_sha256_clone	8	static
sha256.c:108:5:mbedtls_sha256_starts_ret	0	static
sha256.c:147:6:mbedtls_sha256_starts	8	static
sha256.c:274:5:mbedtls_sha256_update_ret	32	static
sha256.c:325:6:mbedtls_sha256_update	8	static
sha256.c:336:5:mbedtls_sha256_finish_ret	16	static
sha256.c:400:6:mbedtls_sha256_finish	8	static
sha256.c:414:5:mbedtls_sha256_ret	136	static
sha256.c:444:6:mbedtls_sha256	8	static
sha256.c:508:5:mbedtls_sha256_self_test	184	static
