ssl_tls.c:76:13:ssl_set_timer	8	static
ssl_tls.c:253:21:ssl_mfl_code_to_length	0	static
ssl_tls.c:6750:12:ssl_cookie_write_dummy	0	static
ssl_tls.c:6763:12:ssl_cookie_check_dummy	0	static
ssl_tls.c:6785:13:ssl_update_out_pointers	0	static
ssl_tls.c:6861:13:ssl_reset_in_out_pointers	8	static
ssl_tls.c:7977:15:ssl_get_current_mtu	0	static
ssl_tls.c:2886:12:ssl_swap_epochs	24	static
ssl_tls.c:6223:13:ssl_calc_finished_tls_sha256	184	static
ssl_tls.c:1197:6:ssl_calc_verify_tls_sha256	128	static
ssl_tls.c:493:12:tls_prf_generic	256	static
ssl_tls.c:557:12:tls_prf_sha256	24	static
ssl_tls.c:568:12:tls_prf_sha384	24	static
ssl_tls.c:395:12:tls1_prf	200	static
ssl_tls.c:6272:13:ssl_calc_finished_tls_sha384	304	static
ssl_tls.c:1218:6:ssl_calc_verify_tls_sha384	232	static
ssl_tls.c:6163:13:ssl_calc_finished_tls	256	static
ssl_tls.c:1169:6:ssl_calc_verify_tls	200	static
ssl_tls.c:2863:13:ssl_flight_free	16	static
ssl_tls.c:4842:13:ssl_free_buffered_record	8	static
ssl_tls.c:8809:13:ssl_buffering_free_slot	16	static
ssl_tls.c:8795:13:ssl_buffering_free	16	static
ssl_tls.c:7249:12:ssl_append_key_cert	24	static
ssl_tls.c:3491:12:ssl_hs_is_proper_fragment	8	static
ssl_tls.c:6051:13:ssl_update_checksum_md5sha1	16	static
ssl_tls.c:6061:13:ssl_update_checksum_sha256	8	static
ssl_tls.c:6031:13:ssl_update_checksum_start	16	static
ssl_tls.c:6069:13:ssl_update_checksum_sha384	8	static
ssl_tls.c:610:5:mbedtls_ssl_derive_keys	432	static
ssl_tls.c:1240:5:mbedtls_ssl_psk_derive_premaster	48	static
ssl_tls.c:2748:5:mbedtls_ssl_flush_output	8	static
ssl_tls.c:3114:6:mbedtls_ssl_recv_flight_completed	16	static
ssl_tls.c:3145:6:mbedtls_ssl_send_flight_completed	8	static
ssl_tls.c:3713:6:mbedtls_ssl_update_handshake_status	16	static
ssl_tls.c:3784:5:mbedtls_ssl_dtls_replay_check	40	static
ssl_tls.c:3809:6:mbedtls_ssl_dtls_replay_update	40	static
ssl_tls.c:5985:6:mbedtls_ssl_optimize_checksum	0	static
ssl_tls.c:6014:6:mbedtls_ssl_reset_checksum	8	static
ssl_tls.c:6674:6:mbedtls_ssl_session_init	8	static
ssl_tls.c:6852:6:mbedtls_ssl_init	8	static
ssl_tls.c:7077:6:mbedtls_ssl_conf_endpoint	0	static
ssl_tls.c:7082:6:mbedtls_ssl_conf_transport	0	static
ssl_tls.c:7088:6:mbedtls_ssl_conf_dtls_anti_replay	0	static
ssl_tls.c:7095:6:mbedtls_ssl_conf_dtls_badmac_limit	0	static
ssl_tls.c:7103:6:mbedtls_ssl_set_datagram_packing	0	static
ssl_tls.c:7109:6:mbedtls_ssl_conf_handshake_timeout	0	static
ssl_tls.c:7117:6:mbedtls_ssl_conf_authmode	0	static
ssl_tls.c:7123:6:mbedtls_ssl_conf_verify	0	static
ssl_tls.c:7132:6:mbedtls_ssl_conf_rng	0	static
ssl_tls.c:7140:6:mbedtls_ssl_conf_dbg	0	static
ssl_tls.c:7148:6:mbedtls_ssl_set_bio	0	static
ssl_tls.c:7161:6:mbedtls_ssl_set_mtu	0	static
ssl_tls.c:7167:6:mbedtls_ssl_conf_read_timeout	0	static
ssl_tls.c:7172:6:mbedtls_ssl_set_timer_cb	8	static
ssl_tls.c:7186:6:mbedtls_ssl_conf_session_cache	0	static
ssl_tls.c:7219:6:mbedtls_ssl_conf_ciphersuites	0	static
ssl_tls.c:7228:6:mbedtls_ssl_conf_ciphersuites_for_version	0	static
ssl_tls.c:7242:6:mbedtls_ssl_conf_cert_profile	0	static
ssl_tls.c:7279:5:mbedtls_ssl_conf_own_cert	8	static
ssl_tls.c:7286:6:mbedtls_ssl_conf_ca_chain	0	static
ssl_tls.c:7296:5:mbedtls_ssl_set_hs_own_cert	8	static
ssl_tls.c:7304:6:mbedtls_ssl_set_hs_ca_chain	0	static
ssl_tls.c:7312:6:mbedtls_ssl_set_hs_authmode	0	static
ssl_tls.c:7346:5:mbedtls_ssl_conf_psk	24	static
ssl_tls.c:7397:5:mbedtls_ssl_set_hs_psk	24	static
ssl_tls.c:7423:6:mbedtls_ssl_conf_psk_cb	0	static
ssl_tls.c:7436:5:mbedtls_ssl_conf_dh_param	24	static
ssl_tls.c:7452:5:mbedtls_ssl_conf_dh_param_bin	24	static
ssl_tls.c:7469:5:mbedtls_ssl_conf_dh_param_ctx	24	static
ssl_tls.c:7489:6:mbedtls_ssl_conf_dhm_min_bitlen	0	static
ssl_tls.c:7500:6:mbedtls_ssl_conf_sig_hashes	0	static
ssl_tls.c:7511:6:mbedtls_ssl_conf_curves	0	static
ssl_tls.c:7519:5:mbedtls_ssl_set_hostname	24	static
ssl_tls.c:7565:6:mbedtls_ssl_conf_sni	0	static
ssl_tls.c:7576:5:mbedtls_ssl_conf_alpn_protocols	24	static
ssl_tls.c:7601:13:mbedtls_ssl_get_alpn_protocol	0	static
ssl_tls.c:7607:6:mbedtls_ssl_conf_max_version	0	static
ssl_tls.c:7613:6:mbedtls_ssl_conf_min_version	0	static
ssl_tls.c:7620:6:mbedtls_ssl_conf_fallback	0	static
ssl_tls.c:7627:6:mbedtls_ssl_conf_cert_req_ca_list	0	static
ssl_tls.c:7635:6:mbedtls_ssl_conf_encrypt_then_mac	0	static
ssl_tls.c:7642:6:mbedtls_ssl_conf_extended_master_secret	0	static
ssl_tls.c:7656:5:mbedtls_ssl_conf_max_frag_len	16	static
ssl_tls.c:7671:6:mbedtls_ssl_conf_truncated_hmac	0	static
ssl_tls.c:7678:6:mbedtls_ssl_conf_cbc_record_splitting	0	static
ssl_tls.c:7684:6:mbedtls_ssl_conf_legacy_renegotiation	0	static
ssl_tls.c:7690:6:mbedtls_ssl_conf_renegotiation	0	static
ssl_tls.c:7695:6:mbedtls_ssl_conf_renegotiation_enforced	0	static
ssl_tls.c:7700:6:mbedtls_ssl_conf_renegotiation_period	8	static
ssl_tls.c:7709:6:mbedtls_ssl_conf_session_tickets	0	static
ssl_tls.c:7716:6:mbedtls_ssl_conf_session_tickets_cb	0	static
ssl_tls.c:7729:6:mbedtls_ssl_conf_export_keys_cb	0	static
ssl_tls.c:7778:8:mbedtls_ssl_get_bytes_avail	0	static
ssl_tls.c:7783:5:mbedtls_ssl_check_pending	0	static
ssl_tls.c:7838:10:mbedtls_ssl_get_verify_result	0	static
ssl_tls.c:7849:13:mbedtls_ssl_get_ciphersuite	8	static
ssl_tls.c:7857:13:mbedtls_ssl_get_version	0	static
ssl_tls.c:7895:5:mbedtls_ssl_get_record_expansion	0	static
ssl_tls.c:7949:8:mbedtls_ssl_get_max_frag_len	16	static
ssl_tls.c:150:12:ssl_get_remaining_payload_in_datagram	24	static
ssl_tls.c:7996:5:mbedtls_ssl_get_max_out_record_payload	16	static
ssl_tls.c:8042:25:mbedtls_ssl_get_peer_cert	0	static
ssl_tls.c:8069:5:mbedtls_ssl_handshake_step	8	static
ssl_tls.c:8091:5:mbedtls_ssl_handshake	8	static
ssl_tls.c:8760:6:mbedtls_ssl_transform_free	8	static
ssl_tls.c:8829:6:mbedtls_ssl_handshake_free	16	static
ssl_tls.c:6321:13:ssl_handshake_wrapup_free_hs_transform	8	static
ssl_tls.c:8920:6:mbedtls_ssl_session_free	8	static
ssl_tls.c:6346:6:mbedtls_ssl_handshake_wrapup	16	static
ssl_tls.c:274:12:ssl_session_copy	16	static
ssl_tls.c:7198:5:mbedtls_ssl_set_session	8	static
ssl_tls.c:8052:5:mbedtls_ssl_get_session	8	static
ssl_tls.c:6679:12:ssl_handshake_init	24	static
ssl_tls.c:6882:5:mbedtls_ssl_setup	16	static
ssl_tls.c:8149:12:ssl_start_renegotiation	8	static
ssl_tls.c:6950:12:ssl_session_reset_int	16	static
ssl_tls.c:7069:5:mbedtls_ssl_session_reset	8	static
ssl_tls.c:8943:6:mbedtls_ssl_free	16	static
ssl_tls.c:9022:6:mbedtls_ssl_config_init	8	static
ssl_tls.c:9073:5:mbedtls_ssl_config_defaults	296	static
ssl_tls.c:9237:6:mbedtls_ssl_config_free	16	static
ssl_tls.c:9274:15:mbedtls_ssl_sig_from_pk	8	static
ssl_tls.c:9287:15:mbedtls_ssl_sig_from_pk_alg	0	static
ssl_tls.c:9300:19:mbedtls_ssl_pk_alg_from_sig	0	static
ssl_tls.c:9322:19:mbedtls_ssl_sig_hash_set_find	0	static
ssl_tls.c:9337:6:mbedtls_ssl_sig_hash_set_add	0	static
ssl_tls.c:9359:6:mbedtls_ssl_sig_hash_set_const_hash	0	static
ssl_tls.c:9372:19:mbedtls_ssl_md_alg_from_hash	0	static
ssl_tls.c:9404:15:mbedtls_ssl_hash_from_md_alg	0	static
ssl_tls.c:9438:5:mbedtls_ssl_check_curve	0	static
ssl_tls.c:9458:5:mbedtls_ssl_check_sig_hash	0	static
ssl_tls.c:9475:5:mbedtls_ssl_check_cert_usage	24	static
ssl_tls.c:9574:6:mbedtls_ssl_write_version	0	static
ssl_tls.c:3345:5:mbedtls_ssl_write_record	144	static
ssl_tls.c:2952:5:mbedtls_ssl_flight_transmit	40	static
ssl_tls.c:2932:5:mbedtls_ssl_resend	8	static
ssl_tls.c:3621:5:mbedtls_ssl_prepare_handshake_record	24	static
ssl_tls.c:5123:5:mbedtls_ssl_handle_message_type	8	static
ssl_tls.c:3186:5:mbedtls_ssl_write_handshake_msg	16	static
ssl_tls.c:2487:12:ssl_resend_hello_request	8	static
ssl_tls.c:2529:5:mbedtls_ssl_fetch_input	24	static
ssl_tls.c:5336:5:mbedtls_ssl_write_certificate	24	static
ssl_tls.c:5889:5:mbedtls_ssl_write_change_cipher_spec	8	static
ssl_tls.c:6408:5:mbedtls_ssl_write_finished	16	static
ssl_tls.c:8189:5:mbedtls_ssl_renegotiate	8	static
ssl_tls.c:8245:12:ssl_check_ctr_renegotiate	24	static
ssl_tls.c:5255:5:mbedtls_ssl_send_alert_message	8	static
ssl_tls.c:5241:5:mbedtls_ssl_send_fatal_handshake_failure	8	static
ssl_tls.c:8732:5:mbedtls_ssl_close_notify	8	static
ssl_tls.c:8589:12:ssl_write_real	16	static
ssl_tls.c:8692:5:mbedtls_ssl_write	16	static
ssl_tls.c:9596:6:mbedtls_ssl_read_version	0	static
ssl_tls.c:4320:5:mbedtls_ssl_read_record	160	static
ssl_tls.c:5655:5:mbedtls_ssl_parse_certificate	64	static
ssl_tls.c:5912:5:mbedtls_ssl_parse_change_cipher_spec	16	static
ssl_tls.c:6532:5:mbedtls_ssl_parse_finished	40	static
ssl_tls.c:8276:5:mbedtls_ssl_read	32	static
ssl_tls.c:9618:5:mbedtls_ssl_set_calc_verify_md	0	static
ssl_tls.c:9662:5:mbedtls_ssl_get_key_exchange_md_ssl_tls	208	static
ssl_tls.c:9748:5:mbedtls_ssl_get_key_exchange_md_tls1_2	40	static
