fsl_ftfx_flash.c:1367:17:flash_check_range_to_get_index	4	static
fsl_ftfx_flash.c:165:10:FLASH_Init	8	static
fsl_ftfx_flash.c:233:10:FLASH_Erase	32	static
fsl_ftfx_flash.c:254:10:FLASH_EraseAll	8	static
fsl_ftfx_flash.c:275:10:FLASH_Program	32	static
fsl_ftfx_flash.c:296:10:FLASH_ProgramOnce	8	static
fsl_ftfx_flash.c:309:10:FLASH_ProgramSection	32	static
fsl_ftfx_flash.c:332:10:FLASH_ReadResource	16	static
fsl_ftfx_flash.c:342:10:FLASH_ReadOnce	8	static
fsl_ftfx_flash.c:354:10:FLASH_VerifyErase	32	static
fsl_ftfx_flash.c:375:10:FLASH_VerifyEraseAll	8	static
fsl_ftfx_flash.c:387:10:FLASH_VerifyProgram	48	static
fsl_ftfx_flash.c:415:10:FLASH_GetSecurityState	8	static
fsl_ftfx_flash.c:423:10:FLASH_SecurityBypass	8	static
fsl_ftfx_flash.c:442:10:FLASH_Swap	64	static
fsl_ftfx_flash.c:547:10:FLASH_IsProtected	200	static
fsl_ftfx_flash.c:884:10:FLASH_PflashSetProtection	0	static
fsl_ftfx_flash.c:968:10:FLASH_PflashGetProtection	0	static
fsl_ftfx_flash.c:1025:10:FLASH_GetProperty	0	static
