fsl_ftfx_controller.c:1206:17:ftfx_command_sequence	16	static
fsl_ftfx_controller.c:1264:17:ftfx_check_mem_range	4	static
fsl_ftfx_controller.c:1312:17:ftfx_read_word_from_byte_address	0	static
fsl_ftfx_controller.c:1335:13:ftfx_write_word_to_byte_address	0	static
fsl_ftfx_controller.c:190:6:FTFx_API_Init	8	static
fsl_ftfx_controller.c:260:10:FTFx_CMD_Erase	24	static
fsl_ftfx_controller.c:324:10:FTFx_CMD_EraseAll	8	static
fsl_ftfx_controller.c:406:10:FTFx_CMD_EraseAllExecuteOnlySegments	8	static
fsl_ftfx_controller.c:435:10:FTFx_CMD_Program	40	static
fsl_ftfx_controller.c:501:10:FTFx_CMD_ProgramOnce	24	static
fsl_ftfx_controller.c:545:10:FTFx_CMD_ProgramSection	56	static
fsl_ftfx_controller.c:707:10:FTFx_CMD_ReadOnce	24	static
fsl_ftfx_controller.c:756:10:FTFx_CMD_ReadResource	48	static
fsl_ftfx_controller.c:830:10:FTFx_CMD_VerifyErase	40	static
fsl_ftfx_controller.c:896:10:FTFx_CMD_VerifyEraseAll	8	static
fsl_ftfx_controller.c:914:10:FTFx_CMD_VerifyEraseAllExecuteOnlySegments	8	static
fsl_ftfx_controller.c:935:10:FTFx_CMD_VerifyProgram	48	static
fsl_ftfx_controller.c:997:10:FTFx_CMD_SecurityBypass	8	static
fsl_ftfx_controller.c:1032:10:FTFx_REG_GetSecurityState	0	static
fsl_ftfx_controller.c:1099:10:FTFx_CMD_SwapControl	8	static
