fsl_enet.c:1629:13:ENET_UpdateReadBuffers	8	static
fsl_enet.c:901:13:ENET_ActiveSend	8	static
fsl_enet.c:3034:6:ENET_ReceiveIRQHandler	32	static
fsl_enet.c:3079:6:ENET_ErrorIRQHandler	24	static
fsl_enet.c:2968:6:ENET_TransmitIRQHandler	40	static
fsl_enet.c:165:10:ENET_GetInstance	8	static
fsl_enet.c:197:6:ENET_GetDefaultConfig	8	static
fsl_enet.c:325:6:ENET_Down	0	static
fsl_enet.c:341:6:ENET_Deinit	8	static
fsl_enet.c:360:6:ENET_SetCallback	8	static
fsl_enet.c:386:6:ENET_SetRxISRHandler	8	static
fsl_enet.c:394:6:ENET_SetTxISRHandler	8	static
fsl_enet.c:403:6:ENET_SetErrISRHandler	8	static
fsl_enet.c:956:6:ENET_SetMII	4	static
fsl_enet.c:1009:6:ENET_SetMacAddr	0	static
fsl_enet.c:1029:6:ENET_GetMacAddr	8	static
fsl_enet.c:1057:6:ENET_SetSMI	8	static
fsl_enet.c:246:6:ENET_Up	40	static
fsl_enet.c:299:6:ENET_Init	32	static
fsl_enet.c:1086:6:ENET_StartSMIWrite	4	static
fsl_enet.c:1106:6:ENET_StartSMIRead	0	static
fsl_enet.c:1313:6:ENET_GetRxErrBeforeReadFrame	8	static
fsl_enet.c:1407:10:ENET_GetRxFrameSize	24	static
fsl_enet.c:1521:10:ENET_ReadFrame	40	static
fsl_enet.c:1689:10:ENET_SendFrame	40	static
fsl_enet.c:1894:10:ENET_SetTxReclaim	8	static
fsl_enet.c:2023:10:ENET_GetRxBuffer	24	static
fsl_enet.c:2104:6:ENET_ReleaseRxBuffer	24	static
fsl_enet.c:2227:10:ENET_SendFrameZeroCopy	32	static
fsl_enet.c:2416:10:ENET_SetTxBuffer	24	static
fsl_enet.c:2553:6:ENET_AddMulticastGroup	24	static
fsl_enet.c:2602:6:ENET_LeaveMulticastGroup	24	static
fsl_enet.c:3178:6:ENET_CommonFrame0IRQHandler	16	static
fsl_enet.c:3263:6:ENET_Transmit_IRQHandler	8	static
fsl_enet.c:3269:6:ENET_Receive_IRQHandler	8	static
fsl_enet.c:3275:6:ENET_Error_IRQHandler	8	static
fsl_enet.c:3281:6:ENET_1588_Timer_IRQHandler	8	static
fsl_enet.c:3287:6:ENET_DriverIRQHandler	8	static
