Archive member included to satisfy reference by file (symbol)

C:\K64_HTTPS_Client\frdmk64f_lwip_httpcli_mbedTLS_freertos\libs\lib_mmcau.a(mmcau_aes_functions.o)
                              ./mmcau/mmcau_source/fsl_mmcau.o (mmcau_aes_set_key)
C:\K64_HTTPS_Client\frdmk64f_lwip_httpcli_mbedTLS_freertos\libs\lib_mmcau.a(mmcau_des_functions.o)
                              ./mmcau/mmcau_source/fsl_mmcau.o (mmcau_des_chk_parity)
C:\K64_HTTPS_Client\frdmk64f_lwip_httpcli_mbedTLS_freertos\libs\lib_mmcau.a(mmcau_md5_functions.o)
                              ./mmcau/mmcau_source/fsl_mmcau.o (mmcau_md5_initialize_output)
C:\K64_HTTPS_Client\frdmk64f_lwip_httpcli_mbedTLS_freertos\libs\lib_mmcau.a(mmcau_sha1_functions.o)
                              ./mmcau/mmcau_source/fsl_mmcau.o (mmcau_sha1_initialize_output)
C:\K64_HTTPS_Client\frdmk64f_lwip_httpcli_mbedTLS_freertos\libs\lib_mmcau.a(mmcau_sha256_functions.o)
                              ./mmcau/mmcau_source/fsl_mmcau.o (mmcau_sha256_initialize_output)
c:/nxp/mcuxpressoide_11.2.0_4120/ide/plugins/com.nxp.mcuxpresso.tools.win32_11.2.0.202001021529/tools/bin/../lib/gcc/arm-none-eabi/9.2.1/../../../../arm-none-eabi/lib/thumb/v7e-m+fp/hard\libcr_semihost_nf.a(_cr__main.o)
                              ./startup/startup_mk64f12.o (__main)
c:/nxp/mcuxpressoide_11.2.0_4120/ide/plugins/com.nxp.mcuxpresso.tools.win32_11.2.0.202001021529/tools/bin/../lib/gcc/arm-none-eabi/9.2.1/../../../../arm-none-eabi/lib/thumb/v7e-m+fp/hard\libcr_c.a(memcpy.o)
                              ./utilities/fsl_str.o (memcpy)
c:/nxp/mcuxpressoide_11.2.0_4120/ide/plugins/com.nxp.mcuxpresso.tools.win32_11.2.0.202001021529/tools/bin/../lib/gcc/arm-none-eabi/9.2.1/../../../../arm-none-eabi/lib/thumb/v7e-m+fp/hard\libcr_c.a(memmove.o)
                              ./mbedtls/library/bignum.o (memmove)
c:/nxp/mcuxpressoide_11.2.0_4120/ide/plugins/com.nxp.mcuxpresso.tools.win32_11.2.0.202001021529/tools/bin/../lib/gcc/arm-none-eabi/9.2.1/../../../../arm-none-eabi/lib/thumb/v7e-m+fp/hard\libcr_c.a(memset.o)
                              ./source/k64_main.o (memset)
c:/nxp/mcuxpressoide_11.2.0_4120/ide/plugins/com.nxp.mcuxpresso.tools.win32_11.2.0.202001021529/tools/bin/../lib/gcc/arm-none-eabi/9.2.1/../../../../arm-none-eabi/lib/thumb/v7e-m+fp/hard\libcr_c.a(alloc.o)
                              ./freertos/freertos_kernel/portable/MemMang/heap_3.o (malloc)
c:/nxp/mcuxpressoide_11.2.0_4120/ide/plugins/com.nxp.mcuxpresso.tools.win32_11.2.0.202001021529/tools/bin/../lib/gcc/arm-none-eabi/9.2.1/../../../../arm-none-eabi/lib/thumb/v7e-m+fp/hard\libcr_c.a(ctype.o)
                              ./source/k64_main.o (__ctype)
c:/nxp/mcuxpressoide_11.2.0_4120/ide/plugins/com.nxp.mcuxpresso.tools.win32_11.2.0.202001021529/tools/bin/../lib/gcc/arm-none-eabi/9.2.1/../../../../arm-none-eabi/lib/thumb/v7e-m+fp/hard\libcr_c.a(initio.o)
                              c:/nxp/mcuxpressoide_11.2.0_4120/ide/plugins/com.nxp.mcuxpresso.tools.win32_11.2.0.202001021529/tools/bin/../lib/gcc/arm-none-eabi/9.2.1/../../../../arm-none-eabi/lib/thumb/v7e-m+fp/hard\libcr_semihost_nf.a(_cr__main.o) (_initio)
c:/nxp/mcuxpressoide_11.2.0_4120/ide/plugins/com.nxp.mcuxpresso.tools.win32_11.2.0.202001021529/tools/bin/../lib/gcc/arm-none-eabi/9.2.1/../../../../arm-none-eabi/lib/thumb/v7e-m+fp/hard\libcr_c.a(memchr.o)
                              ./lwip/src/apps/httpsrv/httpsrv_base64.o (memchr)
c:/nxp/mcuxpressoide_11.2.0_4120/ide/plugins/com.nxp.mcuxpresso.tools.win32_11.2.0.202001021529/tools/bin/../lib/gcc/arm-none-eabi/9.2.1/../../../../arm-none-eabi/lib/thumb/v7e-m+fp/hard\libcr_c.a(memcmp.o)
                              ./mbedtls/port/ksdk/des_alt.o (memcmp)
c:/nxp/mcuxpressoide_11.2.0_4120/ide/plugins/com.nxp.mcuxpresso.tools.win32_11.2.0.202001021529/tools/bin/../lib/gcc/arm-none-eabi/9.2.1/../../../../arm-none-eabi/lib/thumb/v7e-m+fp/hard\libcr_c.a(printf.o)
                              ./freertos/freertos_kernel/tasks.o (_sprintf)
c:/nxp/mcuxpressoide_11.2.0_4120/ide/plugins/com.nxp.mcuxpresso.tools.win32_11.2.0.202001021529/tools/bin/../lib/gcc/arm-none-eabi/9.2.1/../../../../arm-none-eabi/lib/thumb/v7e-m+fp/hard\libcr_c.a(scanf.o)
                              ./source/k64_main.o (strtol)
c:/nxp/mcuxpressoide_11.2.0_4120/ide/plugins/com.nxp.mcuxpresso.tools.win32_11.2.0.202001021529/tools/bin/../lib/gcc/arm-none-eabi/9.2.1/../../../../arm-none-eabi/lib/thumb/v7e-m+fp/hard\libcr_c.a(setvbuf.o)
                              c:/nxp/mcuxpressoide_11.2.0_4120/ide/plugins/com.nxp.mcuxpresso.tools.win32_11.2.0.202001021529/tools/bin/../lib/gcc/arm-none-eabi/9.2.1/../../../../arm-none-eabi/lib/thumb/v7e-m+fp/hard\libcr_c.a(initio.o) (setvbuf)
c:/nxp/mcuxpressoide_11.2.0_4120/ide/plugins/com.nxp.mcuxpresso.tools.win32_11.2.0.202001021529/tools/bin/../lib/gcc/arm-none-eabi/9.2.1/../../../../arm-none-eabi/lib/thumb/v7e-m+fp/hard\libcr_c.a(stdlib.o)
                              ./mbedtls/library/rsa.o (rand)
[...]
Memory Configuration

Name             Origin             Length             Attributes
PROGRAM_FLASH    0x00000000         0x00100000         xr
SRAM_UPPER       0x20000000         0x00030000         xrw
SRAM_LOWER       0x1fff0000         0x00010000         xrw
FLEX_RAM         0x14000000         0x00001000         xrw
*default*        0x00000000         0xffffffff

Linker script and memory map

LOAD ./utilities/fsl_assert.o
LOAD ./utilities/fsl_debug_console.o
LOAD ./utilities/fsl_str.o
LOAD ./startup/startup_mk64f12.o
LOAD ./source/k64_main.o
LOAD ./source/semihost_hardfault.o
LOAD ./phy/fsl_phyksz8081.o
LOAD ./mmcau/mmcau_source/fsl_mmcau.o
LOAD ./mdio/fsl_enet_mdio.o
LOAD ./mbedtls/port/ksdk/aes_alt.o
LOAD ./mbedtls/port/ksdk/des_alt.o
LOAD ./mbedtls/port/ksdk/ecp_alt.o
LOAD ./mbedtls/port/ksdk/ecp_alt_ksdk.o
LOAD ./mbedtls/port/ksdk/ecp_curves_alt.o
LOAD ./mbedtls/port/ksdk/ksdk_mbedtls.o
LOAD ./mbedtls/library/aes.o
LOAD ./mbedtls/library/aesni.o
LOAD ./mbedtls/library/arc4.o
LOAD ./mbedtls/library/aria.o
LOAD ./mbedtls/library/asn1parse.o
LOAD ./mbedtls/library/asn1write.o
LOAD ./mbedtls/library/base64.o
LOAD ./mbedtls/library/bignum.o
LOAD ./mbedtls/library/blowfish.o
LOAD ./mbedtls/library/camellia.o
LOAD ./mbedtls/library/ccm.o
LOAD ./mbedtls/library/certs.o
LOAD ./mbedtls/library/chacha20.o
LOAD ./mbedtls/library/chachapoly.o
LOAD ./mbedtls/library/cipher.o
LOAD ./mbedtls/library/cipher_wrap.o
LOAD ./mbedtls/library/cmac.o
LOAD ./mbedtls/library/ctr_drbg.o
LOAD ./mbedtls/library/debug.o
LOAD ./mbedtls/library/des.o
LOAD ./mbedtls/library/dhm.o
LOAD ./mbedtls/library/ecdh.o
LOAD ./mbedtls/library/ecdsa.o
LOAD ./mbedtls/library/ecjpake.o
LOAD ./mbedtls/library/ecp.o
LOAD ./mbedtls/library/ecp_curves.o
LOAD ./mbedtls/library/entropy.o
LOAD ./mbedtls/library/entropy_poll.o
LOAD ./mbedtls/library/error.o
LOAD ./mbedtls/library/gcm.o
LOAD ./mbedtls/library/havege.o
LOAD ./mbedtls/library/hkdf.o
LOAD ./mbedtls/library/hmac_drbg.o
LOAD ./mbedtls/library/md.o
LOAD ./mbedtls/library/md2.o
LOAD ./mbedtls/library/md4.o
LOAD ./mbedtls/library/md5.o
LOAD ./mbedtls/library/md_wrap.o
LOAD ./mbedtls/library/memory_buffer_alloc.o
LOAD ./mbedtls/library/net_sockets.o
LOAD ./mbedtls/library/nist_kw.o
LOAD ./mbedtls/library/oid.o
LOAD ./mbedtls/library/padlock.o
LOAD ./mbedtls/library/pem.o
LOAD ./mbedtls/library/pk.o
LOAD ./mbedtls/library/pk_wrap.o
LOAD ./mbedtls/library/pkcs11.o
LOAD ./mbedtls/library/pkcs12.o
LOAD ./mbedtls/library/pkcs5.o
LOAD ./mbedtls/library/pkparse.o
LOAD ./mbedtls/library/pkwrite.o
LOAD ./mbedtls/library/platform.o
LOAD ./mbedtls/library/platform_util.o
LOAD ./mbedtls/library/poly1305.o
LOAD ./mbedtls/library/ripemd160.o
LOAD ./mbedtls/library/rsa.o
LOAD ./mbedtls/library/rsa_internal.o
LOAD ./mbedtls/library/sha1.o
LOAD ./mbedtls/library/sha256.o
LOAD ./mbedtls/library/sha512.o
LOAD ./mbedtls/library/ssl_cache.o
LOAD ./mbedtls/library/ssl_ciphersuites.o
LOAD ./mbedtls/library/ssl_cli.o
LOAD ./mbedtls/library/ssl_cookie.o
LOAD ./mbedtls/library/ssl_srv.o
LOAD ./mbedtls/library/ssl_ticket.o
LOAD ./mbedtls/library/ssl_tls.o
LOAD ./mbedtls/library/threading.o
LOAD ./mbedtls/library/timing.o
LOAD ./mbedtls/library/version.o
LOAD ./mbedtls/library/version_features.o
LOAD ./mbedtls/library/x509.o
LOAD ./mbedtls/library/x509_create.o
LOAD ./mbedtls/library/x509_crl.o
LOAD ./mbedtls/library/x509_crt.o
LOAD ./mbedtls/library/x509_csr.o
LOAD ./mbedtls/library/x509write_crt.o
LOAD ./mbedtls/library/x509write_csr.o
LOAD ./mbedtls/library/xtea.o
LOAD ./lwip/src/netif/ppp/auth.o
LOAD ./lwip/src/netif/ppp/ccp.o
LOAD ./lwip/src/netif/ppp/chap-md5.o
LOAD ./lwip/src/netif/ppp/chap-new.o
LOAD ./lwip/src/netif/ppp/chap_ms.o
LOAD ./lwip/src/netif/ppp/demand.o
LOAD ./lwip/src/netif/ppp/eap.o
LOAD ./lwip/src/netif/ppp/eui64.o
LOAD ./lwip/src/netif/ppp/fsm.o
LOAD ./lwip/src/netif/ppp/ipcp.o
LOAD ./lwip/src/netif/ppp/ipv6cp.o
LOAD ./lwip/src/netif/ppp/lcp.o
LOAD ./lwip/src/netif/ppp/lwip_ecp.o
LOAD ./lwip/src/netif/ppp/magic.o
LOAD ./lwip/src/netif/ppp/mppe.o
LOAD ./lwip/src/netif/ppp/multilink.o
LOAD ./lwip/src/netif/ppp/ppp.o
LOAD ./lwip/src/netif/ppp/pppapi.o
LOAD ./lwip/src/netif/ppp/pppcrypt.o
LOAD ./lwip/src/netif/ppp/pppoe.o
LOAD ./lwip/src/netif/ppp/pppol2tp.o
LOAD ./lwip/src/netif/ppp/pppos.o
LOAD ./lwip/src/netif/ppp/upap.o
LOAD ./lwip/src/netif/ppp/utils.o
LOAD ./lwip/src/netif/ppp/vj.o
LOAD ./lwip/src/netif/bridgeif.o
LOAD ./lwip/src/netif/bridgeif_fdb.o
LOAD ./lwip/src/netif/ethernet.o
LOAD ./lwip/src/netif/lowpan6.o
LOAD ./lwip/src/netif/lowpan6_ble.o
LOAD ./lwip/src/netif/lowpan6_common.o
LOAD ./lwip/src/netif/slipif.o
LOAD ./lwip/src/netif/zepif.o
LOAD ./lwip/src/core/ipv6/dhcp6.o
LOAD ./lwip/src/core/ipv6/ethip6.o
LOAD ./lwip/src/core/ipv6/icmp6.o
LOAD ./lwip/src/core/ipv6/inet6.o
LOAD ./lwip/src/core/ipv6/ip6.o
LOAD ./lwip/src/core/ipv6/ip6_addr.o
LOAD ./lwip/src/core/ipv6/ip6_frag.o
LOAD ./lwip/src/core/ipv6/mld6.o
LOAD ./lwip/src/core/ipv6/nd6.o
LOAD ./lwip/src/core/ipv4/acd.o
LOAD ./lwip/src/core/ipv4/autoip.o
LOAD ./lwip/src/core/ipv4/dhcp.o
LOAD ./lwip/src/core/ipv4/etharp.o
LOAD ./lwip/src/core/ipv4/icmp.o
LOAD ./lwip/src/core/ipv4/igmp.o
LOAD ./lwip/src/core/ipv4/ip4.o
LOAD ./lwip/src/core/ipv4/ip4_addr.o
LOAD ./lwip/src/core/ipv4/ip4_frag.o
LOAD ./lwip/src/core/altcp.o
LOAD ./lwip/src/core/altcp_alloc.o
LOAD ./lwip/src/core/altcp_tcp.o
LOAD ./lwip/src/core/def.o
LOAD ./lwip/src/core/dns.o
LOAD ./lwip/src/core/inet_chksum.o
LOAD ./lwip/src/core/init.o
LOAD ./lwip/src/core/ip.o
LOAD ./lwip/src/core/mem.o
LOAD ./lwip/src/core/memp.o
LOAD ./lwip/src/core/netif.o
LOAD ./lwip/src/core/pbuf.o
LOAD ./lwip/src/core/raw.o
LOAD ./lwip/src/core/stats.o
LOAD ./lwip/src/core/sys.o
LOAD ./lwip/src/core/tcp.o
LOAD ./lwip/src/core/tcp_in.o
LOAD ./lwip/src/core/tcp_out.o
LOAD ./lwip/src/core/timeouts.o
LOAD ./lwip/src/core/udp.o
LOAD ./lwip/src/apps/httpsrv/httpsrv.o
LOAD ./lwip/src/apps/httpsrv/httpsrv_base64.o
LOAD ./lwip/src/apps/httpsrv/httpsrv_fs.o
LOAD ./lwip/src/apps/httpsrv/httpsrv_fs_data.o
LOAD ./lwip/src/apps/httpsrv/httpsrv_script.o
LOAD ./lwip/src/apps/httpsrv/httpsrv_sha1.o
LOAD ./lwip/src/apps/httpsrv/httpsrv_supp.o
LOAD ./lwip/src/apps/httpsrv/httpsrv_task.o
LOAD ./lwip/src/apps/httpsrv/httpsrv_tls.o
LOAD ./lwip/src/apps/httpsrv/httpsrv_utf8.o
LOAD ./lwip/src/apps/httpsrv/httpsrv_ws.o
LOAD ./lwip/src/apps/httpsrv/httpsrv_ws_api.o
LOAD ./lwip/src/api/api_lib.o
LOAD ./lwip/src/api/api_msg.o
LOAD ./lwip/src/api/err.o
LOAD ./lwip/src/api/if_api.o
LOAD ./lwip/src/api/netbuf.o
LOAD ./lwip/src/api/netdb.o
LOAD ./lwip/src/api/netifapi.o
LOAD ./lwip/src/api/sockets.o
LOAD ./lwip/src/api/tcpip.o
LOAD ./lwip/port/enet_ethernetif.o
LOAD ./lwip/port/enet_ethernetif_kinetis.o
LOAD ./lwip/port/sys_arch.o
LOAD ./freertos/freertos_kernel/portable/MemMang/heap_3.o
LOAD ./freertos/freertos_kernel/portable/GCC/ARM_CM4F/port.o
LOAD ./freertos/freertos_kernel/croutine.o
LOAD ./freertos/freertos_kernel/event_groups.o
LOAD ./freertos/freertos_kernel/list.o
LOAD ./freertos/freertos_kernel/queue.o
LOAD ./freertos/freertos_kernel/stream_buffer.o
LOAD ./freertos/freertos_kernel/tasks.o
LOAD ./freertos/freertos_kernel/timers.o
LOAD ./drivers/fsl_clock.o
LOAD ./drivers/fsl_common.o
LOAD ./drivers/fsl_enet.o
LOAD ./drivers/fsl_ftfx_cache.o
LOAD ./drivers/fsl_ftfx_controller.o
LOAD ./drivers/fsl_ftfx_flash.o
LOAD ./drivers/fsl_ftfx_flexnvm.o
LOAD ./drivers/fsl_gpio.o
LOAD ./drivers/fsl_rnga.o
LOAD ./drivers/fsl_sim.o
LOAD ./drivers/fsl_smc.o
LOAD ./drivers/fsl_uart.o
LOAD ./device/system_MK64F12.o
LOAD ./component/uart/uart_adapter.o
LOAD ./component/serial_manager/serial_manager.o
LOAD ./component/serial_manager/serial_port_uart.o
LOAD ./component/lists/generic_list.o
LOAD ./board/board.o
LOAD ./board/clock_config.o
LOAD ./board/pin_mux.o
LOAD C:\K64_HTTPS_Client\frdmk64f_lwip_httpcli_mbedTLS_freertos\libs\lib_mmcau.a
START GROUP
LOAD c:/nxp/mcuxpressoide_11.2.0_4120/ide/plugins/com.nxp.mcuxpresso.tools.win32_11.2.0.202001021529/tools/bin/../lib/gcc/arm-none-eabi/9.2.1/../../../../arm-none-eabi/lib/thumb/v7e-m+fp/hard\libcr_semihost_nf.a
LOAD c:/nxp/mcuxpressoide_11.2.0_4120/ide/plugins/com.nxp.mcuxpresso.tools.win32_11.2.0.202001021529/tools/bin/../lib/gcc/arm-none-eabi/9.2.1/../../../../arm-none-eabi/lib/thumb/v7e-m+fp/hard\libcr_c.a
LOAD c:/nxp/mcuxpressoide_11.2.0_4120/ide/plugins/com.nxp.mcuxpresso.tools.win32_11.2.0.202001021529/tools/bin/../lib/gcc/arm-none-eabi/9.2.1/thumb/v7e-m+fp/hard\libcr_eabihelpers.a
LOAD c:/nxp/mcuxpressoide_11.2.0_4120/ide/plugins/com.nxp.mcuxpresso.tools.win32_11.2.0.202001021529/tools/bin/../lib/gcc/arm-none-eabi/9.2.1/thumb/v7e-m+fp/hard\libgcc.a
END GROUP
                0x00000000                __base_PROGRAM_FLASH = 0x0
                0x00000000                __base_Flash = 0x0
                0x00100000                __top_PROGRAM_FLASH = 0x100000
                0x00100000                __top_Flash = 0x100000
                0x20000000                __base_SRAM_UPPER = 0x20000000
                0x20000000                __base_RAM = 0x20000000
                0x20030000                __top_SRAM_UPPER = 0x20030000
                0x20030000                __top_RAM = 0x20030000
                0x1fff0000                __base_SRAM_LOWER = 0x1fff0000
                0x1fff0000                __base_RAM2 = 0x1fff0000
                0x20000000                __top_SRAM_LOWER = 0x20000000
                0x20000000                __top_RAM2 = 0x20000000
                0x14000000                __base_FLEX_RAM = 0x14000000
                0x14000000                __base_RAM3 = 0x14000000
                0x14001000                __top_FLEX_RAM = 0x14001000
                0x14001000                __top_RAM3 = 0x14001000

.text           0x00000000     0xf8d0
 FILL mask 0xff
                0x00000000                __vectors_start__ = ABSOLUTE (.)
 *(SORT_BY_ALIGNMENT(.isr_vector))
 .isr_vector    0x00000000      0x198 ./startup/startup_mk64f12.o
                0x00000000                g_pfnVectors
                0x00000000                __Vectors
                0x00000198                . = ALIGN (0x4)
                0x00000198                __section_table_start = .
                0x00000198                __data_section_table = .
                0x00000198        0x4 LONG 0xf8d0 LOADADDR (.data)
                0x0000019c        0x4 LONG 0x20000000 ADDR (.data)
                0x000001a0        0x4 LONG 0x38 SIZEOF (.data)
                0x000001a4        0x4 LONG 0xf8d0 LOADADDR (.data_RAM2)
                0x000001a8        0x4 LONG 0x1fff0000 ADDR (.data_RAM2)
                0x000001ac        0x4 LONG 0x0 SIZEOF (.data_RAM2)
                0x000001b0        0x4 LONG 0xf8d0 LOADADDR (.data_RAM3)
                0x000001b4        0x4 LONG 0x14000000 ADDR (.data_RAM3)
                0x000001b8        0x4 LONG 0x0 SIZEOF (.data_RAM3)
                0x000001bc                __data_section_table_end = .
                0x000001bc                __bss_section_table = .
                0x000001bc        0x4 LONG 0x20000040 ADDR (.bss)
                0x000001c0        0x4 LONG 0xd910 SIZEOF (.bss)
                0x000001c4        0x4 LONG 0x1fff0000 ADDR (.bss_RAM2)
                0x000001c8        0x4 LONG 0x0 SIZEOF (.bss_RAM2)
                0x000001cc        0x4 LONG 0x14000000 ADDR (.bss_RAM3)
                0x000001d0        0x4 LONG 0x0 SIZEOF (.bss_RAM3)
                0x000001d4                __bss_section_table_end = .
                0x000001d4                __section_table_end = .
 *(SORT_BY_ALIGNMENT(.after_vectors*))
 .after_vectors.reset
                0x000001d4       0x4c ./startup/startup_mk64f12.o
                0x000001d4                ResetISR
 .after_vectors
                0x00000220       0x14 ./startup/startup_mk64f12.o
                0x00000220                NMI_Handler
                0x00000224                MemManage_Handler
                0x00000226                BusFault_Handler
                0x00000228                UsageFault_Handler
                0x0000022c                DebugMon_Handler
                0x00000232                LPTMR0_DriverIRQHandler
                0x00000232                DMA_Error_DriverIRQHandler
                0x00000232                SPI1_DriverIRQHandler
                0x00000232                FTM1_DriverIRQHandler
                0x00000232                FTM2_DriverIRQHandler
                0x00000232                PIT2_DriverIRQHandler
                0x00000232                SDHC_DriverIRQHandler
                0x00000232                I2S0_Tx_DriverIRQHandler
                0x00000232                RTC_Seconds_DriverIRQHandler
                0x00000232                DMA6_DriverIRQHandler
                0x00000232                LLWU_DriverIRQHandler
                0x00000232                MCM_DriverIRQHandler
                0x00000232                MCG_DriverIRQHandler
                0x00000232                ENET_1588_Timer_DriverIRQHandler
                0x00000232                I2C2_DriverIRQHandler
                0x00000232                DAC1_DriverIRQHandler
                0x00000232                DMA12_DriverIRQHandler
                0x00000232                CMP1_DriverIRQHandler
                0x00000232                FTM0_DriverIRQHandler
                0x00000232                IntDefaultHandler
                0x00000232                USB0_DriverIRQHandler
                0x00000232                UART5_ERR_DriverIRQHandler
                0x00000232                PORTC_DriverIRQHandler
                0x00000232                DMA11_DriverIRQHandler
                0x00000232                DAC0_DriverIRQHandler
                0x00000232                DMA10_DriverIRQHandler
                0x00000232                CMP2_DriverIRQHandler
                0x00000232                UART2_ERR_DriverIRQHandler
                0x00000232                SPI2_DriverIRQHandler
                0x00000232                LVD_LVW_DriverIRQHandler
                0x00000232                PIT0_DriverIRQHandler
                0x00000232                PORTB_DriverIRQHandler
                0x00000232                DMA5_DriverIRQHandler
                0x00000232                DMA4_DriverIRQHandler
                0x00000232                USBDCD_DriverIRQHandler
                0x00000232                UART3_ERR_DriverIRQHandler
                0x00000232                DMA3_DriverIRQHandler
                0x00000232                DMA8_DriverIRQHandler
                0x00000232                DMA9_DriverIRQHandler
                0x00000232                UART0_ERR_DriverIRQHandler
                0x00000232                CMT_DriverIRQHandler
                0x00000232                Reserved71_DriverIRQHandler
                0x00000232                ADC1_DriverIRQHandler
                0x00000232                PORTA_DriverIRQHandler
                0x00000232                DMA14_DriverIRQHandler
                0x00000232                PIT3_DriverIRQHandler
                0x00000232                PIT1_DriverIRQHandler
                0x00000232                WDOG_EWM_DriverIRQHandler
                0x00000232                PDB0_DriverIRQHandler
                0x00000232                RTC_DriverIRQHandler
                0x00000232                I2S0_Rx_DriverIRQHandler
                0x00000232                Read_Collision_DriverIRQHandler
                0x00000232                SWI_DriverIRQHandler
                0x00000232                UART4_ERR_DriverIRQHandler
                0x00000232                DMA0_DriverIRQHandler
                0x00000232                UART0_LON_DriverIRQHandler
                0x00000232                DMA1_DriverIRQHandler
                0x00000232                I2C1_DriverIRQHandler
                0x00000232                ENET_Receive_DriverIRQHandler
                0x00000232                DMA13_DriverIRQHandler
                0x00000232                ENET_Error_DriverIRQHandler
                0x00000232                DMA15_DriverIRQHandler
                0x00000232                SPI0_DriverIRQHandler
                0x00000232                ADC0_DriverIRQHandler
                0x00000232                CMP0_DriverIRQHandler
                0x00000232                CAN0_DriverIRQHandler
                0x00000232                FTM3_DriverIRQHandler
                0x00000232                RNG_DriverIRQHandler
                0x00000232                UART1_ERR_DriverIRQHandler
                0x00000232                DMA2_DriverIRQHandler
                0x00000232                ENET_Transmit_DriverIRQHandler
                0x00000232                PORTD_DriverIRQHandler
                0x00000232                PORTE_DriverIRQHandler
                0x00000232                FTFE_DriverIRQHandler
                0x00000232                I2C0_DriverIRQHandler
                0x00000232                DMA7_DriverIRQHandler
 .after_vectors.init_data
                0x00000234       0x1e ./startup/startup_mk64f12.o
                0x00000234                data_init
 .after_vectors.init_bss
                0x00000252       0x12 ./startup/startup_mk64f12.o
                0x00000252                bss_init
                0x00000400                . = 0x400
 *fill*         0x00000264      0x19c ff
                0x00000400                PROVIDE (__FLASH_CONFIG_START__ = .)
 *(SORT_BY_ALIGNMENT(.FlashConfig))
 .FlashConfig   0x00000400       0x10 ./startup/startup_mk64f12.o
                0x00000400                Flash_Config
                0x00000410                PROVIDE (__FLASH_CONFIG_END__ = .)
                0x00000001                ASSERT (! ((__FLASH_CONFIG_START__ == __FLASH_CONFIG_END__)), Linker Flash Config Support Enabled, but no .FlashConfig section provided within application)
 *(SORT_BY_ALIGNMENT(.text*))
 .text.SVC_Handler
                0x00000410       0x24 ./freertos/freertos_kernel/portable/GCC/ARM_CM4F/port.o
                0x00000410                SVC_Handler
 *fill*         0x00000434        0xc ff
 .text.PendSV_Handler
                0x00000440       0x64 ./freertos/freertos_kernel/portable/GCC/ARM_CM4F/port.o
                0x00000440                PendSV_Handler
 .text.__assertion_failed
                0x000004a4       0x14 ./utilities/fsl_assert.o
                0x000004a4                __assertion_failed
 .text.httpsclient_task
                0x000004b8       0xd0 ./source/k64_main.o
 .text.main     0x00000588       0x60 ./source/k64_main.o
                0x00000588                main
 .text.PHY_KSZ8081_Init
                0x000005e8       0xe8 ./phy/fsl_phyksz8081.o
                0x000005e8                PHY_KSZ8081_Init
 .text.PHY_KSZ8081_GetLinkStatus
                0x000006d0       0x38 ./phy/fsl_phyksz8081.o
                0x000006d0                PHY_KSZ8081_GetLinkStatus
 .text.PHY_KSZ8081_GetLinkSpeedDuplex
                0x00000708       0x4c ./phy/fsl_phyksz8081.o
                0x00000708                PHY_KSZ8081_GetLinkSpeedDuplex
 .text.ENET_MDIO_Read
                0x00000754       0x38 ./mdio/fsl_enet_mdio.o
 .text.ENET_MDIO_Init
                0x0000078c       0x38 ./mdio/fsl_enet_mdio.o
 .text.ethernet_input
                0x000007c4       0xac ./lwip/src/netif/ethernet.o
                0x000007c4                ethernet_input
 .text.ethernet_output
                0x00000870       0x68 ./lwip/src/netif/ethernet.o
                0x00000870                ethernet_output
 .text.acd_add  0x000008d8       0x38 ./lwip/src/core/ipv4/acd.o
                0x000008d8                acd_add
 .text.acd_start
                0x00000910       0x48 ./lwip/src/core/ipv4/acd.o
                0x00000910                acd_start
 .text.acd_tmr  0x00000958      0x124 ./lwip/src/core/ipv4/acd.o
                0x00000958                acd_tmr
 .text.dhcp_option_short
                0x00000a7c       0x2c ./lwip/src/core/ipv4/dhcp.o
 .text.dhcp_option
                0x00000aa8       0x2c ./lwip/src/core/ipv4/dhcp.o
 .text.dhcp_option_byte
                0x00000ad4       0x20 ./lwip/src/core/ipv4/dhcp.o
 .text.dhcp_option_long
                0x00000af4       0x3c ./lwip/src/core/ipv4/dhcp.o
 .text.dhcp_create_msg
                0x00000b30      0x144 ./lwip/src/core/ipv4/dhcp.o
 .text.dhcp_handle_ack
                0x00000c74       0x78 ./lwip/src/core/ipv4/dhcp.o
 .text.dhcp_reboot
                0x00000cec      0x110 ./lwip/src/core/ipv4/dhcp.o
 .text.dhcp_select
                0x00000dfc      0x17c ./lwip/src/core/ipv4/dhcp.o
 .text.dhcp_discover
                0x00000f78       0xf4 ./lwip/src/core/ipv4/dhcp.o
 .text.dhcp_bind
                0x0000106c      0x134 ./lwip/src/core/ipv4/dhcp.o
 .text.dhcp_conflict_callback
                0x000011a0       0xb8 ./lwip/src/core/ipv4/dhcp.o
 .text.dhcp_dec_pcb_refcount
                0x00001258       0x38 ./lwip/src/core/ipv4/dhcp.o
 .text.dhcp_inc_pcb_refcount
                0x00001290       0x6c ./lwip/src/core/ipv4/dhcp.o
 .text.dhcp_recv
                0x000012fc      0x544 ./lwip/src/core/ipv4/dhcp.o
 .text.dhcp_renew
                0x00001840       0xec ./lwip/src/core/ipv4/dhcp.o
                0x00001840                dhcp_renew
 .text.dhcp_release_and_stop
                0x0000192c       0xc8 ./lwip/src/core/ipv4/dhcp.o
                0x0000192c                dhcp_release_and_stop
 .text.dhcp_start
                0x000019f4       0xd0 ./lwip/src/core/ipv4/dhcp.o
                0x000019f4                dhcp_start
 .text.dhcp_coarse_tmr
                0x00001ac4      0x194 ./lwip/src/core/ipv4/dhcp.o
                0x00001ac4                dhcp_coarse_tmr
 .text.dhcp_fine_tmr
                0x00001c58       0x80 ./lwip/src/core/ipv4/dhcp.o
                0x00001c58                dhcp_fine_tmr
 .text.etharp_free_entry
                0x00001cd8       0x4c ./lwip/src/core/ipv4/etharp.o
 .text.etharp_find_entry
                0x00001d24      0x140 ./lwip/src/core/ipv4/etharp.o
 .text.etharp_raw
                0x00001e64       0xd0 ./lwip/src/core/ipv4/etharp.o
 .text.etharp_input
                0x00001f34      0x174 ./lwip/src/core/ipv4/etharp.o
                0x00001f34                etharp_input
 .text.etharp_request
                0x000020a8       0x2c ./lwip/src/core/ipv4/etharp.o
                0x000020a8                etharp_request
 .text.etharp_tmr
                0x000020d4       0x58 ./lwip/src/core/ipv4/etharp.o
                0x000020d4                etharp_tmr
 .text.etharp_output_to_arp_index
                0x0000212c       0xdc ./lwip/src/core/ipv4/etharp.o
 .text.etharp_query
                0x00002208      0x194 ./lwip/src/core/ipv4/etharp.o
                0x00002208                etharp_query
 .text.etharp_output
                0x0000239c      0x144 ./lwip/src/core/ipv4/etharp.o
                0x0000239c                etharp_output
 .text.etharp_acd_probe
                0x000024e0       0x30 ./lwip/src/core/ipv4/etharp.o
                0x000024e0                etharp_acd_probe
 .text.etharp_acd_announce
                0x00002510       0x2c ./lwip/src/core/ipv4/etharp.o
                0x00002510                etharp_acd_announce
 .text.icmp_send_response
                0x0000253c       0x90 ./lwip/src/core/ipv4/icmp.o
 .text.icmp_input
                0x000025cc      0x17c ./lwip/src/core/ipv4/icmp.o
                0x000025cc                icmp_input
 .text.ip4_input_accept
                0x00002748       0x38 ./lwip/src/core/ipv4/ip4.o
 .text.ip4_route
                0x00002780       0x74 ./lwip/src/core/ipv4/ip4.o
                0x00002780                ip4_route
 .text.ip4_input
                0x000027f4      0x1e0 ./lwip/src/core/ipv4/ip4.o
                0x000027f4                ip4_input
 .text.ip4_output_if_src
                0x000029d4      0x128 ./lwip/src/core/ipv4/ip4.o
                0x000029d4                ip4_output_if_src
 .text.ip_reass_dequeue_datagram
                0x00002afc       0x38 ./lwip/src/core/ipv4/ip4_frag.o
 .text.ip_reass_free_complete_datagram
                0x00002b34       0xd4 ./lwip/src/core/ipv4/ip4_frag.o
 .text.ip_reass_remove_oldest_datagram
                0x00002c08       0x80 ./lwip/src/core/ipv4/ip4_frag.o
 .text.ipfrag_free_pbuf_custom
                0x00002c88       0x24 ./lwip/src/core/ipv4/ip4_frag.o
 .text.ip_reass_tmr
                0x00002cac       0x30 ./lwip/src/core/ipv4/ip4_frag.o
                0x00002cac                ip_reass_tmr
 .text.ip4_reass
                0x00002cdc      0x3f0 ./lwip/src/core/ipv4/ip4_frag.o
                0x00002cdc                ip4_reass
 .text.ip4_frag
                0x000030cc      0x1f0 ./lwip/src/core/ipv4/ip4_frag.o
                0x000030cc                ip4_frag
 .text.mem_init
                0x000032bc       0x54 ./lwip/src/core/mem.o
                0x000032bc                mem_init
 .text.mem_free
                0x00003310      0x1a8 ./lwip/src/core/mem.o
                0x00003310                mem_free
 .text.mem_trim
                0x000034b8      0x15c ./lwip/src/core/mem.o
                0x000034b8                mem_trim
 .text.mem_malloc
                0x00003614      0x14c ./lwip/src/core/mem.o
                0x00003614                mem_malloc
 .text.do_memp_malloc_pool
                0x00003760       0x38 ./lwip/src/core/memp.o
 .text.do_memp_free_pool
                0x00003798       0x2c ./lwip/src/core/memp.o
 .text.memp_init
                0x000037c4       0x1c ./lwip/src/core/memp.o
                0x000037c4                memp_init
 .text.memp_malloc
                0x000037e0       0x30 ./lwip/src/core/memp.o
                0x000037e0                memp_malloc
 .text.memp_free
                0x00003810       0x30 ./lwip/src/core/memp.o
                0x00003810                memp_free
 .text.netif_issue_reports
                0x00003840       0x14 ./lwip/src/core/netif.o
 .text.netif_do_set_ipaddr
                0x00003854       0x60 ./lwip/src/core/netif.o
 .text.netif_set_addr
                0x000038b4       0x64 ./lwip/src/core/netif.o
                0x000038b4                netif_set_addr
 .text.netif_add
                0x00003918      0x138 ./lwip/src/core/netif.o
                0x00003918                netif_add
 .text.netif_set_default
                0x00003a50       0x14 ./lwip/src/core/netif.o
                0x00003a50                netif_set_default
 .text.netif_set_up
                0x00003a64       0x40 ./lwip/src/core/netif.o
                0x00003a64                netif_set_up
 .text.netif_get_by_index
                0x00003aa4       0x2c ./lwip/src/core/netif.o
                0x00003aa4                netif_get_by_index
 .text.pbuf_add_header_impl
                0x00003ad0       0x64 ./lwip/src/core/pbuf.o
 .text.pbuf_alloc_reference
                0x00003b34       0x40 ./lwip/src/core/pbuf.o
                0x00003b34                pbuf_alloc_reference
 .text.pbuf_remove_header
                0x00003b74       0x58 ./lwip/src/core/pbuf.o
                0x00003b74                pbuf_remove_header
 .text.pbuf_free
                0x00003bcc       0xb8 ./lwip/src/core/pbuf.o
                0x00003bcc                pbuf_free
 .text.pbuf_alloc
                0x00003c84      0x108 ./lwip/src/core/pbuf.o
                0x00003c84                pbuf_alloc
 .text.pbuf_realloc
                0x00003d8c       0x94 ./lwip/src/core/pbuf.o
                0x00003d8c                pbuf_realloc
 .text.pbuf_ref
                0x00003e20       0x28 ./lwip/src/core/pbuf.o
                0x00003e20                pbuf_ref
 .text.pbuf_cat
                0x00003e48       0x68 ./lwip/src/core/pbuf.o
                0x00003e48                pbuf_cat
 .text.pbuf_copy
                0x00003eb0      0x124 ./lwip/src/core/pbuf.o
                0x00003eb0                pbuf_copy
 .text.pbuf_copy_partial
                0x00003fd4       0x94 ./lwip/src/core/pbuf.o
                0x00003fd4                pbuf_copy_partial
 .text.pbuf_clone
                0x00004068       0x28 ./lwip/src/core/pbuf.o
                0x00004068                pbuf_clone
 .text.tcp_free
                0x00004090       0x20 ./lwip/src/core/tcp.o
                0x00004090                tcp_free
 .text.tcp_backlog_accepted
                0x000040b0       0x44 ./lwip/src/core/tcp.o
                0x000040b0                tcp_backlog_accepted
 .text.tcp_close_shutdown_fin
                0x000040f4       0x74 ./lwip/src/core/tcp.o
 .text.tcp_update_rcv_ann_wnd
                0x00004168       0x58 ./lwip/src/core/tcp.o
                0x00004168                tcp_update_rcv_ann_wnd
 .text.tcp_recved
                0x000041c0       0x70 ./lwip/src/core/tcp.o
                0x000041c0                tcp_recved
 .text.tcp_pcb_purge
                0x00004230       0x54 ./lwip/src/core/tcp.o
                0x00004230                tcp_pcb_purge
 .text.tcp_slowtmr
                0x00004284      0x420 ./lwip/src/core/tcp.o
                0x00004284                tcp_slowtmr
 .text.tcp_pcb_remove
                0x000046a4       0x94 ./lwip/src/core/tcp.o
                0x000046a4                tcp_pcb_remove
 .text.tcp_close_shutdown
                0x00004738      0x16c ./lwip/src/core/tcp.o
 .text.tcp_close
                0x000048a4       0x3c ./lwip/src/core/tcp.o
                0x000048a4                tcp_close
 .text.tcp_recv_null
                0x000048e0       0x40 ./lwip/src/core/tcp.o
                0x000048e0                tcp_recv_null
 .text.tcp_process_refused_data
                0x00004920       0x88 ./lwip/src/core/tcp.o
                0x00004920                tcp_process_refused_data
 .text.tcp_fasttmr
                0x000049a8       0x90 ./lwip/src/core/tcp.o
                0x000049a8                tcp_fasttmr
 .text.tcp_tmr  0x00004a38       0x24 ./lwip/src/core/tcp.o
                0x00004a38                tcp_tmr
 .text.tcp_abandon
                0x00004a5c      0x100 ./lwip/src/core/tcp.o
                0x00004a5c                tcp_abandon
 .text.tcp_netif_ip_addr_changed_pcblist
                0x00004b5c       0x34 ./lwip/src/core/tcp.o
 .text.tcp_kill_state
                0x00004b90       0x54 ./lwip/src/core/tcp.o
 .text.tcp_alloc
                0x00004be4      0x154 ./lwip/src/core/tcp.o
                0x00004be4                tcp_alloc
 .text.tcp_next_iss
                0x00004d38       0x28 ./lwip/src/core/tcp.o
                0x00004d38                tcp_next_iss
 .text.tcp_eff_send_mss_netif
                0x00004d60       0x30 ./lwip/src/core/tcp.o
                0x00004d60                tcp_eff_send_mss_netif
 .text.tcp_netif_ip_addr_changed
                0x00004d90       0x54 ./lwip/src/core/tcp.o
                0x00004d90                tcp_netif_ip_addr_changed
 .text.tcp_get_next_optbyte
                0x00004de4       0x38 ./lwip/src/core/tcp_in.o
 .text.tcp_parseopt
                0x00004e1c       0x94 ./lwip/src/core/tcp_in.o
 .text.tcp_input_delayed_close
                0x00004eb0       0x50 ./lwip/src/core/tcp_in.o
 .text.tcp_free_acked_segments
                0x00004f00       0xc0 ./lwip/src/core/tcp_in.o
 .text.tcp_receive
                0x00004fc0      0x4fc ./lwip/src/core/tcp_in.o
 .text.tcp_input
                0x000054bc      0xbe4 ./lwip/src/core/tcp_in.o
                0x000054bc                tcp_input
 .text.tcp_trigger_input_pcb_close
                0x000060a0       0x10 ./lwip/src/core/tcp_in.o
                0x000060a0                tcp_trigger_input_pcb_close
 .text.tcp_output_segment_busy
                0x000060b0       0x20 ./lwip/src/core/tcp_out.o
 .text.tcp_output_fill_options
                0x000060d0       0x34 ./lwip/src/core/tcp_out.o
 .text.tcp_create_segment
                0x00006104       0xd0 ./lwip/src/core/tcp_out.o
 .text.tcp_output_alloc_header_common
                0x000061d4       0x84 ./lwip/src/core/tcp_out.o
 .text.tcp_output_alloc_header
                0x00006258       0x44 ./lwip/src/core/tcp_out.o
 .text.tcp_output_control_segment
                0x0000629c       0xc4 ./lwip/src/core/tcp_out.o
 .text.tcp_split_unsent_seg
                0x00006360      0x190 ./lwip/src/core/tcp_out.o
                0x00006360                tcp_split_unsent_seg
 .text.tcp_enqueue_flags
                0x000064f0      0x118 ./lwip/src/core/tcp_out.o
                0x000064f0                tcp_enqueue_flags
 .text.tcp_send_fin
                0x00006608       0x54 ./lwip/src/core/tcp_out.o
                0x00006608                tcp_send_fin
 .text.tcp_rexmit_rto_prepare
                0x0000665c       0x98 ./lwip/src/core/tcp_out.o
                0x0000665c                tcp_rexmit_rto_prepare
 .text.tcp_rexmit
                0x000066f4       0x7c ./lwip/src/core/tcp_out.o
                0x000066f4                tcp_rexmit
 .text.tcp_rexmit_fast
                0x00006770       0x68 ./lwip/src/core/tcp_out.o
                0x00006770                tcp_rexmit_fast
 .text.tcp_rst  0x000067d8       0x78 ./lwip/src/core/tcp_out.o
                0x000067d8                tcp_rst
 .text.tcp_send_empty_ack
                0x00006850       0x64 ./lwip/src/core/tcp_out.o
                0x00006850                tcp_send_empty_ack
 .text.tcp_output
                0x000068b4      0x390 ./lwip/src/core/tcp_out.o
                0x000068b4                tcp_output
 .text.tcp_rexmit_rto_commit
                0x00006c44       0x28 ./lwip/src/core/tcp_out.o
                0x00006c44                tcp_rexmit_rto_commit
 .text.tcp_rexmit_rto
                0x00006c6c       0x24 ./lwip/src/core/tcp_out.o
                0x00006c6c                tcp_rexmit_rto
 .text.tcp_keepalive
                0x00006c90       0x4c ./lwip/src/core/tcp_out.o
                0x00006c90                tcp_keepalive
 .text.tcp_zero_window_probe
                0x00006cdc       0xcc ./lwip/src/core/tcp_out.o
                0x00006cdc                tcp_zero_window_probe
 .text.sys_timeout_abs
                0x00006da8       0x5c ./lwip/src/core/timeouts.o
 .text.lwip_cyclic_timer
                0x00006e04       0x30 ./lwip/src/core/timeouts.o
 .text.sys_timeout
                0x00006e34       0x30 ./lwip/src/core/timeouts.o
                0x00006e34                sys_timeout
 .text.tcp_timer_needed
                0x00006e64       0x40 ./lwip/src/core/timeouts.o
                0x00006e64                tcp_timer_needed
 .text.tcpip_tcp_timer
                0x00006ea4       0x38 ./lwip/src/core/timeouts.o
 .text.sys_timeouts_init
                0x00006edc       0x24 ./lwip/src/core/timeouts.o
                0x00006edc                sys_timeouts_init
 .text.sys_check_timeouts
                0x00006f00       0x4c ./lwip/src/core/timeouts.o
                0x00006f00                sys_check_timeouts
 .text.sys_timeouts_sleeptime
                0x00006f4c       0x3c ./lwip/src/core/timeouts.o
                0x00006f4c                sys_timeouts_sleeptime
 .text.udp_input
                0x00006f88      0x1e4 ./lwip/src/core/udp.o
                0x00006f88                udp_input
 .text.udp_bind
                0x0000716c      0x11c ./lwip/src/core/udp.o
                0x0000716c                udp_bind
 .text.udp_sendto_if_src
                0x00007288      0x188 ./lwip/src/core/udp.o
                0x00007288                udp_sendto_if_src
 .text.udp_sendto_if
                0x00007410       0x98 ./lwip/src/core/udp.o
                0x00007410                udp_sendto_if
 .text.udp_connect
                0x000074a8       0x8c ./lwip/src/core/udp.o
                0x000074a8                udp_connect
 .text.udp_recv
                0x00007534       0x2c ./lwip/src/core/udp.o
                0x00007534                udp_recv
 .text.udp_remove
                0x00007560       0x50 ./lwip/src/core/udp.o
                0x00007560                udp_remove
 .text.udp_netif_ip_addr_changed
                0x000075b0       0x34 ./lwip/src/core/udp.o
                0x000075b0                udp_netif_ip_addr_changed
 .text.netifapi_netif_add
                0x000075e4       0x40 ./lwip/src/api/netifapi.o
                0x000075e4                netifapi_netif_add
 .text.netifapi_netif_common
                0x00007624       0x1c ./lwip/src/api/netifapi.o
                0x00007624                netifapi_netif_common
 .text.tcpip_thread
                0x00007640       0xd0 ./lwip/src/api/tcpip.o
 .text.tcpip_inpkt
                0x00007710       0x54 ./lwip/src/api/tcpip.o
                0x00007710                tcpip_inpkt
 .text.tcpip_input
                0x00007764       0x20 ./lwip/src/api/tcpip.o
                0x00007764                tcpip_input
 .text.tcpip_init
                0x00007784       0x6c ./lwip/src/api/tcpip.o
                0x00007784                tcpip_init
 .text.ethernetif_phy_init
                0x000077f0       0xc0 ./lwip/port/enet_ethernetif.o
                0x000077f0                ethernetif_phy_init
 .text.ethernetif_input
                0x000078b0       0x34 ./lwip/port/enet_ethernetif.o
                0x000078b0                ethernetif_input
 .text.ethernetif_init
                0x000078e4       0xa0 ./lwip/port/enet_ethernetif.o
                0x000078e4                ethernetif_init
 .text.ethernet_callback
                0x00007984       0x5c ./lwip/port/enet_ethernetif_kinetis.o
 .text.ethernetif_enet_init
                0x000079e0       0xe8 ./lwip/port/enet_ethernetif_kinetis.o
                0x000079e0                ethernetif_enet_init
 .text.ethernetif_linkinput
                0x00007ac8      0x13c ./lwip/port/enet_ethernetif_kinetis.o
                0x00007ac8                ethernetif_linkinput
 .text.ethernetif_linkoutput
                0x00007c04       0x94 ./lwip/port/enet_ethernetif_kinetis.o
                0x00007c04                ethernetif_linkoutput
 .text.ethernetif0_init
                0x00007c98       0x34 ./lwip/port/enet_ethernetif_kinetis.o
                0x00007c98                ethernetif0_init
 .text.sys_assert
                0x00007ccc       0x18 ./lwip/port/sys_arch.o
                0x00007ccc                sys_assert
 .text.sys_mbox_trypost
                0x00007ce4       0x64 ./lwip/port/sys_arch.o
                0x00007ce4                sys_mbox_trypost
 .text.sys_thread_new
                0x00007d48       0x3c ./lwip/port/sys_arch.o
                0x00007d48                sys_thread_new
 .text.sys_lock_tcpip_core
                0x00007d84       0x30 ./lwip/port/sys_arch.o
                0x00007d84                sys_lock_tcpip_core
 .text.sys_unlock_tcpip_core
                0x00007db4       0x28 ./lwip/port/sys_arch.o
                0x00007db4                sys_unlock_tcpip_core
 .text.sys_mark_tcpip_thread
                0x00007ddc       0x10 ./lwip/port/sys_arch.o
                0x00007ddc                sys_mark_tcpip_thread
 .text.sys_check_core_locking
                0x00007dec       0x44 ./lwip/port/sys_arch.o
                0x00007dec                sys_check_core_locking
 .text.prvTaskExitError
                0x00007e30       0x40 ./freertos/freertos_kernel/portable/GCC/ARM_CM4F/port.o
 .text.prvPortStartFirstTask
                0x00007e70       0x28 ./freertos/freertos_kernel/portable/GCC/ARM_CM4F/port.o
 .text.vPortEnableVFP
                0x00007e98       0x14 ./freertos/freertos_kernel/portable/GCC/ARM_CM4F/port.o
 .text.pxPortInitialiseStack
                0x00007eac       0x2c ./freertos/freertos_kernel/portable/GCC/ARM_CM4F/port.o
                0x00007eac                pxPortInitialiseStack
 .text.vPortEnterCritical
                0x00007ed8       0x44 ./freertos/freertos_kernel/portable/GCC/ARM_CM4F/port.o
                0x00007ed8                vPortEnterCritical
 .text.vPortExitCritical
                0x00007f1c       0x2c ./freertos/freertos_kernel/portable/GCC/ARM_CM4F/port.o
                0x00007f1c                vPortExitCritical
 .text.SysTick_Handler
                0x00007f48       0x2c ./freertos/freertos_kernel/portable/GCC/ARM_CM4F/port.o
                0x00007f48                SysTick_Handler
 .text.vPortSetupTimerInterrupt
                0x00007f74       0x38 ./freertos/freertos_kernel/portable/GCC/ARM_CM4F/port.o
                0x00007f74                vPortSetupTimerInterrupt
 .text.xPortStartScheduler
                0x00007fac      0x114 ./freertos/freertos_kernel/portable/GCC/ARM_CM4F/port.o
                0x00007fac                xPortStartScheduler
 .text.vPortValidateInterruptPriority
                0x000080c0       0x5c ./freertos/freertos_kernel/portable/GCC/ARM_CM4F/port.o
                0x000080c0                vPortValidateInterruptPriority
 .text.xEventGroupWaitBits
                0x0000811c      0x124 ./freertos/freertos_kernel/event_groups.o
                0x0000811c                xEventGroupWaitBits
 .text.xEventGroupSetBitsFromISR
                0x00008240       0x14 ./freertos/freertos_kernel/event_groups.o
                0x00008240                xEventGroupSetBitsFromISR
 .text.xQueueGenericReset
                0x00008254       0x84 ./freertos/freertos_kernel/queue.o
                0x00008254                xQueueGenericReset
 .text.xQueueGenericSend
                0x000082d8      0x18c ./freertos/freertos_kernel/queue.o
                0x000082d8                xQueueGenericSend
 .text.xQueueReceive
                0x00008464      0x160 ./freertos/freertos_kernel/queue.o
                0x00008464                xQueueReceive
 .text.xQueueSemaphoreTake
                0x000085c4      0x1ac ./freertos/freertos_kernel/queue.o
                0x000085c4                xQueueSemaphoreTake
 .text.vQueueAddToRegistry
                0x00008770       0x2c ./freertos/freertos_kernel/queue.o
                0x00008770                vQueueAddToRegistry
 .text.prvResetNextTaskUnblockTime
                0x0000879c       0x2c ./freertos/freertos_kernel/tasks.o
 .text.prvIdleTask
                0x000087c8       0x70 ./freertos/freertos_kernel/tasks.o
 .text.prvAddCurrentTaskToDelayedList
                0x00008838       0x98 ./freertos/freertos_kernel/tasks.o
 .text.xTaskCreate
                0x000088d0      0x1d4 ./freertos/freertos_kernel/tasks.o
                0x000088d0                xTaskCreate
 .text.vTaskDelete
                0x00008aa4       0xe4 ./freertos/freertos_kernel/tasks.o
                0x00008aa4                vTaskDelete
 .text.vTaskStartScheduler
                0x00008b88       0x88 ./freertos/freertos_kernel/tasks.o
                0x00008b88                vTaskStartScheduler
 .text.vTaskSuspendAll
                0x00008c10       0x10 ./freertos/freertos_kernel/tasks.o
                0x00008c10                vTaskSuspendAll
 .text.xTaskGetTickCount
                0x00008c20        0xc ./freertos/freertos_kernel/tasks.o
                0x00008c20                xTaskGetTickCount
 .text.xTaskIncrementTick
                0x00008c2c      0x11c ./freertos/freertos_kernel/tasks.o
                0x00008c2c                xTaskIncrementTick
 .text.xTaskResumeAll
                0x00008d48      0x108 ./freertos/freertos_kernel/tasks.o
                0x00008d48                xTaskResumeAll
 .text.vTaskDelay
                0x00008e50       0x4c ./freertos/freertos_kernel/tasks.o
                0x00008e50                vTaskDelay
 .text.vTaskSwitchContext
                0x00008e9c       0x94 ./freertos/freertos_kernel/tasks.o
                0x00008e9c                vTaskSwitchContext
 .text.vTaskPlaceOnEventList
                0x00008f30       0x30 ./freertos/freertos_kernel/tasks.o
                0x00008f30                vTaskPlaceOnEventList
 .text.vTaskPlaceOnUnorderedEventList
                0x00008f60       0x58 ./freertos/freertos_kernel/tasks.o
                0x00008f60                vTaskPlaceOnUnorderedEventList
 .text.vTaskPlaceOnEventListRestricted
                0x00008fb8       0x3c ./freertos/freertos_kernel/tasks.o
                0x00008fb8                vTaskPlaceOnEventListRestricted
 .text.xTaskRemoveFromEventList
                0x00008ff4       0x88 ./freertos/freertos_kernel/tasks.o
                0x00008ff4                xTaskRemoveFromEventList
 .text.vTaskRemoveFromUnorderedEventList
                0x0000907c       0x88 ./freertos/freertos_kernel/tasks.o
                0x0000907c                vTaskRemoveFromUnorderedEventList
 .text.vTaskInternalSetTimeOutState
                0x00009104       0x18 ./freertos/freertos_kernel/tasks.o
                0x00009104                vTaskInternalSetTimeOutState
 .text.xTaskCheckForTimeOut
                0x0000911c       0x84 ./freertos/freertos_kernel/tasks.o
                0x0000911c                xTaskCheckForTimeOut
 .text.vTaskMissedYield
                0x000091a0        0xc ./freertos/freertos_kernel/tasks.o
                0x000091a0                vTaskMissedYield
 .text.xTaskGetCurrentTaskHandle
                0x000091ac        0xc ./freertos/freertos_kernel/tasks.o
                0x000091ac                xTaskGetCurrentTaskHandle
 .text.xTaskGetSchedulerState
                0x000091b8       0x20 ./freertos/freertos_kernel/tasks.o
                0x000091b8                xTaskGetSchedulerState
 .text.xTaskPriorityInherit
                0x000091d8       0xa8 ./freertos/freertos_kernel/tasks.o
                0x000091d8                xTaskPriorityInherit
 .text.xTaskPriorityDisinherit
                0x00009280       0xb0 ./freertos/freertos_kernel/tasks.o
                0x00009280                xTaskPriorityDisinherit
 .text.vTaskPriorityDisinheritAfterTimeout
                0x00009330       0xb4 ./freertos/freertos_kernel/tasks.o
                0x00009330                vTaskPriorityDisinheritAfterTimeout
 .text.uxTaskResetEventItemValue
                0x000093e4       0x18 ./freertos/freertos_kernel/tasks.o
                0x000093e4                uxTaskResetEventItemValue
 .text.pvTaskIncrementMutexHeldCount
                0x000093fc       0x1c ./freertos/freertos_kernel/tasks.o
                0x000093fc                pvTaskIncrementMutexHeldCount
 .text.prvInsertTimerInActiveList
                0x00009418       0x48 ./freertos/freertos_kernel/timers.o
 .text.prvCheckForValidListAndQueue
                0x00009460       0x5c ./freertos/freertos_kernel/timers.o
 .text.xTimerCreateTimerTask
                0x000094bc       0x4c ./freertos/freertos_kernel/timers.o
                0x000094bc                xTimerCreateTimerTask
 .text.xTimerGenericCommand
                0x00009508       0x60 ./freertos/freertos_kernel/timers.o
                0x00009508                xTimerGenericCommand
 .text.prvSampleTimeNow
                0x00009568       0xb0 ./freertos/freertos_kernel/timers.o
 .text.prvTimerTask
                0x00009618      0x1f0 ./freertos/freertos_kernel/timers.o
 .text.xTimerPendFunctionCallFromISR
                0x00009808       0x28 ./freertos/freertos_kernel/timers.o
                0x00009808                xTimerPendFunctionCallFromISR
 .text.CLOCK_GetInternalRefClkSelectFreq
                0x00009830       0x2c ./drivers/fsl_clock.o
 .text.CLOCK_GetMcgExtClkFreq
                0x0000985c       0x58 ./drivers/fsl_clock.o
 .text.CLOCK_GetFllExtRefClkFreq
                0x000098b4       0x58 ./drivers/fsl_clock.o
 .text.CLOCK_GetOsc0ErClkFreq
                0x0000990c       0x30 ./drivers/fsl_clock.o
                0x0000990c                CLOCK_GetOsc0ErClkFreq
 .text.CLOCK_GetEr32kClkFreq
                0x0000993c       0x50 ./drivers/fsl_clock.o
                0x0000993c                CLOCK_GetEr32kClkFreq
 .text.CLOCK_SetSimConfig
                0x0000998c       0x40 ./drivers/fsl_clock.o
                0x0000998c                CLOCK_SetSimConfig
 .text.CLOCK_GetFllFreq
                0x000099cc       0x5c ./drivers/fsl_clock.o
                0x000099cc                CLOCK_GetFllFreq
 .text.CLOCK_GetInternalRefClkFreq
                0x00009a28       0x1c ./drivers/fsl_clock.o
                0x00009a28                CLOCK_GetInternalRefClkFreq
 .text.CLOCK_GetPll0Freq
                0x00009a44       0x44 ./drivers/fsl_clock.o
                0x00009a44                CLOCK_GetPll0Freq
 .text.CLOCK_GetPllFllSelClkFreq
                0x00009a88       0x34 ./drivers/fsl_clock.o
                0x00009a88                CLOCK_GetPllFllSelClkFreq
 .text.CLOCK_GetOutClkFreq
                0x00009abc       0x38 ./drivers/fsl_clock.o
                0x00009abc                CLOCK_GetOutClkFreq
 .text.CLOCK_GetCoreSysClkFreq
                0x00009af4       0x1c ./drivers/fsl_clock.o
                0x00009af4                CLOCK_GetCoreSysClkFreq
 .text.CLOCK_GetFixedFreqClkFreq
                0x00009b10       0x30 ./drivers/fsl_clock.o
                0x00009b10                CLOCK_GetFixedFreqClkFreq
 .text.CLOCK_GetFreq
                0x00009b40       0xbc ./drivers/fsl_clock.o
                0x00009b40                CLOCK_GetFreq
 .text.CLOCK_SetExternalRefClkConfig
                0x00009bfc       0x34 ./drivers/fsl_clock.o
                0x00009bfc                CLOCK_SetExternalRefClkConfig
 .text.CLOCK_SetInternalRefClkConfig
                0x00009c30       0x8c ./drivers/fsl_clock.o
                0x00009c30                CLOCK_SetInternalRefClkConfig
 .text.CLOCK_EnablePll0
                0x00009cbc       0x48 ./drivers/fsl_clock.o
                0x00009cbc                CLOCK_EnablePll0
 .text.CLOCK_InitOsc0
                0x00009d04       0x70 ./drivers/fsl_clock.o
                0x00009d04                CLOCK_InitOsc0
 .text.CLOCK_SetPbeMode
                0x00009d74       0x60 ./drivers/fsl_clock.o
                0x00009d74                CLOCK_SetPbeMode
 .text.CLOCK_BootToPeeMode
                0x00009dd4       0x3c ./drivers/fsl_clock.o
                0x00009dd4                CLOCK_BootToPeeMode
 .text.ENET_ActiveSend
                0x00009e10       0x18 ./drivers/fsl_enet.o
 .text.ENET_ReceiveIRQHandler
                0x00009e28       0x44 ./drivers/fsl_enet.o
                0x00009e28                ENET_ReceiveIRQHandler
 .text.ENET_ErrorIRQHandler
                0x00009e6c       0x60 ./drivers/fsl_enet.o
                0x00009e6c                ENET_ErrorIRQHandler
 .text.ENET_TransmitIRQHandler
                0x00009ecc       0xe0 ./drivers/fsl_enet.o
                0x00009ecc                ENET_TransmitIRQHandler
 .text.ENET_GetInstance
                0x00009fac       0x1c ./drivers/fsl_enet.o
                0x00009fac                ENET_GetInstance
 .text.ENET_GetDefaultConfig
                0x00009fc8       0x2c ./drivers/fsl_enet.o
                0x00009fc8                ENET_GetDefaultConfig
 .text.ENET_SetCallback
                0x00009ff4       0x14 ./drivers/fsl_enet.o
                0x00009ff4                ENET_SetCallback
 .text.ENET_SetRxISRHandler
                0x0000a008       0x20 ./drivers/fsl_enet.o
                0x0000a008                ENET_SetRxISRHandler
 .text.ENET_SetTxISRHandler
                0x0000a028       0x20 ./drivers/fsl_enet.o
                0x0000a028                ENET_SetTxISRHandler
 .text.ENET_SetErrISRHandler
                0x0000a048       0x20 ./drivers/fsl_enet.o
                0x0000a048                ENET_SetErrISRHandler
 .text.ENET_SetSMI
                0x0000a068       0x54 ./drivers/fsl_enet.o
                0x0000a068                ENET_SetSMI
 .text.ENET_Up  0x0000a0bc      0x368 ./drivers/fsl_enet.o
                0x0000a0bc                ENET_Up
 .text.ENET_Init
                0x0000a424       0x40 ./drivers/fsl_enet.o
                0x0000a424                ENET_Init
 .text.ENET_GetRxFrameSize
                0x0000a464       0x90 ./drivers/fsl_enet.o
                0x0000a464                ENET_GetRxFrameSize
 .text.ENET_SendFrame
                0x0000a4f4      0x1cc ./drivers/fsl_enet.o
                0x0000a4f4                ENET_SendFrame
 .text.ENET_GetRxBuffer
                0x0000a6c0       0x78 ./drivers/fsl_enet.o
                0x0000a6c0                ENET_GetRxBuffer
 .text.ENET_ReleaseRxBuffer
                0x0000a738       0xdc ./drivers/fsl_enet.o
                0x0000a738                ENET_ReleaseRxBuffer
 .text.ENET_Transmit_IRQHandler
                0x0000a814       0x20 ./drivers/fsl_enet.o
                0x0000a814                ENET_Transmit_IRQHandler
 .text.ENET_Receive_IRQHandler
                0x0000a834       0x20 ./drivers/fsl_enet.o
                0x0000a834                ENET_Receive_IRQHandler
 .text.ENET_Error_IRQHandler
                0x0000a854       0x20 ./drivers/fsl_enet.o
                0x0000a854                ENET_Error_IRQHandler
 .text.ENET_1588_Timer_IRQHandler
                0x0000a874       0x1c ./drivers/fsl_enet.o
                0x0000a874                ENET_1588_Timer_IRQHandler
 .text.UART0_DriverIRQHandler
                0x0000a890       0x20 ./drivers/fsl_uart.o
                0x0000a890                UART0_DriverIRQHandler
 .text.UART1_DriverIRQHandler
                0x0000a8b0       0x20 ./drivers/fsl_uart.o
                0x0000a8b0                UART1_DriverIRQHandler
 .text.UART2_DriverIRQHandler
                0x0000a8d0       0x20 ./drivers/fsl_uart.o
                0x0000a8d0                UART2_DriverIRQHandler
 .text.UART3_DriverIRQHandler
                0x0000a8f0       0x20 ./drivers/fsl_uart.o
                0x0000a8f0                UART3_DriverIRQHandler
 .text.UART4_DriverIRQHandler
                0x0000a910       0x20 ./drivers/fsl_uart.o
                0x0000a910                UART4_DriverIRQHandler
 .text.UART5_DriverIRQHandler
                0x0000a930       0x20 ./drivers/fsl_uart.o
                0x0000a930                UART5_DriverIRQHandler
 .text.SystemInit
                0x0000a950       0x34 ./device/system_MK64F12.o
                0x0000a950                SystemInit
 .text.BOARD_BootClockRUN
                0x0000a984       0x6c ./board/clock_config.o
                0x0000a984                BOARD_BootClockRUN
 .text.BOARD_InitPins
                0x0000a9f0       0xe8 ./board/pin_mux.o
                0x0000a9f0                BOARD_InitPins
 .text.malloc   0x0000aad8       0xc8 c:/nxp/mcuxpressoide_11.2.0_4120/ide/plugins/com.nxp.mcuxpresso.tools.win32_11.2.0.202001021529/tools/bin/../lib/gcc/arm-none-eabi/9.2.1/../../../../arm-none-eabi/lib/thumb/v7e-m+fp/hard\libcr_c.a(alloc.o)
                0x0000aad8                malloc
 .text._Csys_alloc
                0x0000aba0       0x20 c:/nxp/mcuxpressoide_11.2.0_4120/ide/plugins/com.nxp.mcuxpresso.tools.win32_11.2.0.202001021529/tools/bin/../lib/gcc/arm-none-eabi/9.2.1/../../../../arm-none-eabi/lib/thumb/v7e-m+fp/hard\libcr_c.a(alloc.o)
                0x0000aba0                _Csys_alloc
 .text._initio  0x0000abc0       0x78 c:/nxp/mcuxpressoide_11.2.0_4120/ide/plugins/com.nxp.mcuxpresso.tools.win32_11.2.0.202001021529/tools/bin/../lib/gcc/arm-none-eabi/9.2.1/../../../../arm-none-eabi/lib/thumb/v7e-m+fp/hard\libcr_c.a(initio.o)
                0x0000abc0                _initio
 .text.__vfprintf
                0x0000ac38      0xce8 c:/nxp/mcuxpressoide_11.2.0_4120/ide/plugins/com.nxp.mcuxpresso.tools.win32_11.2.0.202001021529/tools/bin/../lib/gcc/arm-none-eabi/9.2.1/../../../../arm-none-eabi/lib/thumb/v7e-m+fp/hard\libcr_c.a(printf.o)
                0x0000ac38                __vfprintf
 .text._vsnprintf
                0x0000b920       0x68 c:/nxp/mcuxpressoide_11.2.0_4120/ide/plugins/com.nxp.mcuxpresso.tools.win32_11.2.0.202001021529/tools/bin/../lib/gcc/arm-none-eabi/9.2.1/../../../../arm-none-eabi/lib/thumb/v7e-m+fp/hard\libcr_c.a(printf.o)
                0x0000b920                _vsnprintf
 .text._printf  0x0000b988       0x54 c:/nxp/mcuxpressoide_11.2.0_4120/ide/plugins/com.nxp.mcuxpresso.tools.win32_11.2.0.202001021529/tools/bin/../lib/gcc/arm-none-eabi/9.2.1/../../../../arm-none-eabi/lib/thumb/v7e-m+fp/hard\libcr_c.a(printf.o)
                0x0000b988                _printf
 .text._sbrk    0x0000b9dc       0x3c c:/nxp/mcuxpressoide_11.2.0_4120/ide/plugins/com.nxp.mcuxpresso.tools.win32_11.2.0.202001021529/tools/bin/../lib/gcc/arm-none-eabi/9.2.1/../../../../arm-none-eabi/lib/thumb/v7e-m+fp/hard\libcr_c.a(_cr_sbrk.o)
                0x0000b9dc                _sbrk
 .text._Cwritebuf
                0x0000ba18       0x6c c:/nxp/mcuxpressoide_11.2.0_4120/ide/plugins/com.nxp.mcuxpresso.tools.win32_11.2.0.202001021529/tools/bin/../lib/gcc/arm-none-eabi/9.2.1/../../../../arm-none-eabi/lib/thumb/v7e-m+fp/hard\libcr_c.a(_writebuf.o)
                0x0000ba18                _Cwritebuf
 .text.fflush   0x0000ba84       0x44 c:/nxp/mcuxpressoide_11.2.0_4120/ide/plugins/com.nxp.mcuxpresso.tools.win32_11.2.0.202001021529/tools/bin/../lib/gcc/arm-none-eabi/9.2.1/../../../../arm-none-eabi/lib/thumb/v7e-m+fp/hard\libcr_c.a(fflush.o)
                0x0000ba84                fflush
 .text.fseek    0x0000bac8      0x100 c:/nxp/mcuxpressoide_11.2.0_4120/ide/plugins/com.nxp.mcuxpresso.tools.win32_11.2.0.202001021529/tools/bin/../lib/gcc/arm-none-eabi/9.2.1/../../../../arm-none-eabi/lib/thumb/v7e-m+fp/hard\libcr_c.a(fseek.o)
                0x0000bac8                fseek
 .text.ftell    0x0000bbc8       0x44 c:/nxp/mcuxpressoide_11.2.0_4120/ide/plugins/com.nxp.mcuxpresso.tools.win32_11.2.0.202001021529/tools/bin/../lib/gcc/arm-none-eabi/9.2.1/../../../../arm-none-eabi/lib/thumb/v7e-m+fp/hard\libcr_c.a(ftell.o)
                0x0000bbc8                ftell
 .text.__check_heap_overflow
                0x0000bc0c       0x18 c:/nxp/mcuxpressoide_11.2.0_4120/ide/plugins/com.nxp.mcuxpresso.tools.win32_11.2.0.202001021529/tools/bin/../lib/gcc/arm-none-eabi/9.2.1/../../../../arm-none-eabi/lib/thumb/v7e-m+fp/hard\libcr_c.a(_cr_check_heap.o)
                0x0000bc0c                __check_heap_overflow
 .text.__sys_appexit
                0x0000bc24        0xc c:/nxp/mcuxpressoide_11.2.0_4120/ide/plugins/com.nxp.mcuxpresso.tools.win32_11.2.0.202001021529/tools/bin/../lib/gcc/arm-none-eabi/9.2.1/../../../../arm-none-eabi/lib/thumb/v7e-m+fp/hard\libcr_semihost_nf.a(__sys_appexit.o)
                0x0000bc24                __sys_appexit
                0x0000bc24                __exit
 .text.DMA0_IRQHandler
                0x0000bc30        0x8 ./startup/startup_mk64f12.o
                0x0000bc30                DMA0_IRQHandler
 .text.DMA1_IRQHandler
                0x0000bc38        0x8 ./startup/startup_mk64f12.o
                0x0000bc38                DMA1_IRQHandler
 .text.DMA2_IRQHandler
                0x0000bc40        0x8 ./startup/startup_mk64f12.o
                0x0000bc40                DMA2_IRQHandler
 .text.DMA3_IRQHandler
                0x0000bc48        0x8 ./startup/startup_mk64f12.o
                0x0000bc48                DMA3_IRQHandler
 .text.DMA4_IRQHandler
                0x0000bc50        0x8 ./startup/startup_mk64f12.o
                0x0000bc50                DMA4_IRQHandler
 .text.DMA5_IRQHandler
                0x0000bc58        0x8 ./startup/startup_mk64f12.o
                0x0000bc58                DMA5_IRQHandler
 .text.DMA6_IRQHandler
                0x0000bc60        0x8 ./startup/startup_mk64f12.o
                0x0000bc60                DMA6_IRQHandler
 .text.DMA7_IRQHandler
                0x0000bc68        0x8 ./startup/startup_mk64f12.o
                0x0000bc68                DMA7_IRQHandler
 .text.DMA8_IRQHandler
                0x0000bc70        0x8 ./startup/startup_mk64f12.o
                0x0000bc70                DMA8_IRQHandler
 .text.DMA9_IRQHandler
                0x0000bc78        0x8 ./startup/startup_mk64f12.o
                0x0000bc78                DMA9_IRQHandler
 .text.DMA10_IRQHandler
                0x0000bc80        0x8 ./startup/startup_mk64f12.o
                0x0000bc80                DMA10_IRQHandler
 .text.DMA11_IRQHandler
                0x0000bc88        0x8 ./startup/startup_mk64f12.o
                0x0000bc88                DMA11_IRQHandler
 .text.DMA12_IRQHandler
                0x0000bc90        0x8 ./startup/startup_mk64f12.o
                0x0000bc90                DMA12_IRQHandler
 .text.DMA13_IRQHandler
                0x0000bc98        0x8 ./startup/startup_mk64f12.o
                0x0000bc98                DMA13_IRQHandler
 .text.DMA14_IRQHandler
                0x0000bca0        0x8 ./startup/startup_mk64f12.o
                0x0000bca0                DMA14_IRQHandler
 .text.DMA15_IRQHandler
                0x0000bca8        0x8 ./startup/startup_mk64f12.o
                0x0000bca8                DMA15_IRQHandler
 .text.DMA_Error_IRQHandler
                0x0000bcb0        0x8 ./startup/startup_mk64f12.o
                0x0000bcb0                DMA_Error_IRQHandler
 .text.MCM_IRQHandler
                0x0000bcb8        0x8 ./startup/startup_mk64f12.o
                0x0000bcb8                MCM_IRQHandler
 .text.FTFE_IRQHandler
                0x0000bcc0        0x8 ./startup/startup_mk64f12.o
                0x0000bcc0                FTFE_IRQHandler
 .text.Read_Collision_IRQHandler
                0x0000bcc8        0x8 ./startup/startup_mk64f12.o
                0x0000bcc8                Read_Collision_IRQHandler
 .text.LVD_LVW_IRQHandler
                0x0000bcd0        0x8 ./startup/startup_mk64f12.o
                0x0000bcd0                LVD_LVW_IRQHandler
 .text.LLWU_IRQHandler
                0x0000bcd8        0x8 ./startup/startup_mk64f12.o
                0x0000bcd8                LLWU_IRQHandler
 .text.WDOG_EWM_IRQHandler
                0x0000bce0        0x8 ./startup/startup_mk64f12.o
                0x0000bce0                WDOG_EWM_IRQHandler
 .text.RNG_IRQHandler
                0x0000bce8        0x8 ./startup/startup_mk64f12.o
                0x0000bce8                RNG_IRQHandler
 .text.I2C0_IRQHandler
                0x0000bcf0        0x8 ./startup/startup_mk64f12.o
                0x0000bcf0                I2C0_IRQHandler
 .text.I2C1_IRQHandler
                0x0000bcf8        0x8 ./startup/startup_mk64f12.o
                0x0000bcf8                I2C1_IRQHandler
 .text.SPI0_IRQHandler
                0x0000bd00        0x8 ./startup/startup_mk64f12.o
                0x0000bd00                SPI0_IRQHandler
 .text.SPI1_IRQHandler
                0x0000bd08        0x8 ./startup/startup_mk64f12.o
                0x0000bd08                SPI1_IRQHandler
 .text.I2S0_Tx_IRQHandler
                0x0000bd10        0x8 ./startup/startup_mk64f12.o
                0x0000bd10                I2S0_Tx_IRQHandler
 .text.I2S0_Rx_IRQHandler
                0x0000bd18        0x8 ./startup/startup_mk64f12.o
                0x0000bd18                I2S0_Rx_IRQHandler
 .text.UART0_LON_IRQHandler
                0x0000bd20        0x8 ./startup/startup_mk64f12.o
                0x0000bd20                UART0_LON_IRQHandler
 .text.UART0_RX_TX_IRQHandler
                0x0000bd28        0x8 ./startup/startup_mk64f12.o
                0x0000bd28                UART0_RX_TX_IRQHandler
 .text.UART0_ERR_IRQHandler
                0x0000bd30        0x8 ./startup/startup_mk64f12.o
                0x0000bd30                UART0_ERR_IRQHandler
 .text.UART1_RX_TX_IRQHandler
                0x0000bd38        0x8 ./startup/startup_mk64f12.o
                0x0000bd38                UART1_RX_TX_IRQHandler
 .text.UART1_ERR_IRQHandler
                0x0000bd40        0x8 ./startup/startup_mk64f12.o
                0x0000bd40                UART1_ERR_IRQHandler
 .text.UART2_RX_TX_IRQHandler
                0x0000bd48        0x8 ./startup/startup_mk64f12.o
                0x0000bd48                UART2_RX_TX_IRQHandler
 .text.UART2_ERR_IRQHandler
                0x0000bd50        0x8 ./startup/startup_mk64f12.o
                0x0000bd50                UART2_ERR_IRQHandler
 .text.UART3_RX_TX_IRQHandler
                0x0000bd58        0x8 ./startup/startup_mk64f12.o
                0x0000bd58                UART3_RX_TX_IRQHandler
 .text.UART3_ERR_IRQHandler
                0x0000bd60        0x8 ./startup/startup_mk64f12.o
                0x0000bd60                UART3_ERR_IRQHandler
 .text.ADC0_IRQHandler
                0x0000bd68        0x8 ./startup/startup_mk64f12.o
                0x0000bd68                ADC0_IRQHandler
 .text.CMP0_IRQHandler
                0x0000bd70        0x8 ./startup/startup_mk64f12.o
                0x0000bd70                CMP0_IRQHandler
 .text.CMP1_IRQHandler
                0x0000bd78        0x8 ./startup/startup_mk64f12.o
                0x0000bd78                CMP1_IRQHandler
 .text.FTM0_IRQHandler
                0x0000bd80        0x8 ./startup/startup_mk64f12.o
                0x0000bd80                FTM0_IRQHandler
 .text.FTM1_IRQHandler
                0x0000bd88        0x8 ./startup/startup_mk64f12.o
                0x0000bd88                FTM1_IRQHandler
 .text.FTM2_IRQHandler
                0x0000bd90        0x8 ./startup/startup_mk64f12.o
                0x0000bd90                FTM2_IRQHandler
 .text.CMT_IRQHandler
                0x0000bd98        0x8 ./startup/startup_mk64f12.o
                0x0000bd98                CMT_IRQHandler
 .text.RTC_IRQHandler
                0x0000bda0        0x8 ./startup/startup_mk64f12.o
                0x0000bda0                RTC_IRQHandler
 .text.RTC_Seconds_IRQHandler
                0x0000bda8        0x8 ./startup/startup_mk64f12.o
                0x0000bda8                RTC_Seconds_IRQHandler
 .text.PIT0_IRQHandler
                0x0000bdb0        0x8 ./startup/startup_mk64f12.o
                0x0000bdb0                PIT0_IRQHandler
 .text.PIT1_IRQHandler
                0x0000bdb8        0x8 ./startup/startup_mk64f12.o
                0x0000bdb8                PIT1_IRQHandler
 .text.PIT2_IRQHandler
                0x0000bdc0        0x8 ./startup/startup_mk64f12.o
                0x0000bdc0                PIT2_IRQHandler
 .text.PIT3_IRQHandler
                0x0000bdc8        0x8 ./startup/startup_mk64f12.o
                0x0000bdc8                PIT3_IRQHandler
 .text.PDB0_IRQHandler
                0x0000bdd0        0x8 ./startup/startup_mk64f12.o
                0x0000bdd0                PDB0_IRQHandler
 .text.USB0_IRQHandler
                0x0000bdd8        0x8 ./startup/startup_mk64f12.o
                0x0000bdd8                USB0_IRQHandler
 .text.USBDCD_IRQHandler
                0x0000bde0        0x8 ./startup/startup_mk64f12.o
                0x0000bde0                USBDCD_IRQHandler
 .text.Reserved71_IRQHandler
                0x0000bde8        0x8 ./startup/startup_mk64f12.o
                0x0000bde8                Reserved71_IRQHandler
 .text.DAC0_IRQHandler
                0x0000bdf0        0x8 ./startup/startup_mk64f12.o
                0x0000bdf0                DAC0_IRQHandler
 .text.MCG_IRQHandler
                0x0000bdf8        0x8 ./startup/startup_mk64f12.o
                0x0000bdf8                MCG_IRQHandler
 .text.LPTMR0_IRQHandler
                0x0000be00        0x8 ./startup/startup_mk64f12.o
                0x0000be00                LPTMR0_IRQHandler
 .text.PORTA_IRQHandler
                0x0000be08        0x8 ./startup/startup_mk64f12.o
                0x0000be08                PORTA_IRQHandler
 .text.PORTB_IRQHandler
                0x0000be10        0x8 ./startup/startup_mk64f12.o
                0x0000be10                PORTB_IRQHandler
 .text.PORTC_IRQHandler
                0x0000be18        0x8 ./startup/startup_mk64f12.o
                0x0000be18                PORTC_IRQHandler
 .text.PORTD_IRQHandler
                0x0000be20        0x8 ./startup/startup_mk64f12.o
                0x0000be20                PORTD_IRQHandler
 .text.PORTE_IRQHandler
                0x0000be28        0x8 ./startup/startup_mk64f12.o
                0x0000be28                PORTE_IRQHandler
 .text.SWI_IRQHandler
                0x0000be30        0x8 ./startup/startup_mk64f12.o
                0x0000be30                SWI_IRQHandler
 .text.SPI2_IRQHandler
                0x0000be38        0x8 ./startup/startup_mk64f12.o
                0x0000be38                SPI2_IRQHandler
 .text.UART4_RX_TX_IRQHandler
                0x0000be40        0x8 ./startup/startup_mk64f12.o
                0x0000be40                UART4_RX_TX_IRQHandler
 .text.UART4_ERR_IRQHandler
                0x0000be48        0x8 ./startup/startup_mk64f12.o
                0x0000be48                UART4_ERR_IRQHandler
 .text.UART5_RX_TX_IRQHandler
                0x0000be50        0x8 ./startup/startup_mk64f12.o
                0x0000be50                UART5_RX_TX_IRQHandler
 .text.UART5_ERR_IRQHandler
                0x0000be58        0x8 ./startup/startup_mk64f12.o
                0x0000be58                UART5_ERR_IRQHandler
 .text.CMP2_IRQHandler
                0x0000be60        0x8 ./startup/startup_mk64f12.o
                0x0000be60                CMP2_IRQHandler
 .text.FTM3_IRQHandler
                0x0000be68        0x8 ./startup/startup_mk64f12.o
                0x0000be68                FTM3_IRQHandler
 .text.DAC1_IRQHandler
                0x0000be70        0x8 ./startup/startup_mk64f12.o
                0x0000be70                DAC1_IRQHandler
 .text.ADC1_IRQHandler
                0x0000be78        0x8 ./startup/startup_mk64f12.o
                0x0000be78                ADC1_IRQHandler
 .text.I2C2_IRQHandler
                0x0000be80        0x8 ./startup/startup_mk64f12.o
                0x0000be80                I2C2_IRQHandler
 .text.CAN0_ORed_Message_buffer_IRQHandler
                0x0000be88        0x8 ./startup/startup_mk64f12.o
                0x0000be88                CAN0_ORed_Message_buffer_IRQHandler
 .text.CAN0_Bus_Off_IRQHandler
                0x0000be90        0x8 ./startup/startup_mk64f12.o
                0x0000be90                CAN0_Bus_Off_IRQHandler
 .text.CAN0_Error_IRQHandler
                0x0000be98        0x8 ./startup/startup_mk64f12.o
                0x0000be98                CAN0_Error_IRQHandler
 .text.CAN0_Tx_Warning_IRQHandler
                0x0000bea0        0x8 ./startup/startup_mk64f12.o
                0x0000bea0                CAN0_Tx_Warning_IRQHandler
 .text.CAN0_Rx_Warning_IRQHandler
                0x0000bea8        0x8 ./startup/startup_mk64f12.o
                0x0000bea8                CAN0_Rx_Warning_IRQHandler
 .text.CAN0_Wake_Up_IRQHandler
                0x0000beb0        0x8 ./startup/startup_mk64f12.o
                0x0000beb0                CAN0_Wake_Up_IRQHandler
 .text.SDHC_IRQHandler
                0x0000beb8        0x8 ./startup/startup_mk64f12.o
                0x0000beb8                SDHC_IRQHandler
 .text.HardFault_Handler
                0x0000bec0       0x2a ./source/semihost_hardfault.o
                0x0000bec0                HardFault_Handler
 .text.PHY_KSZ8081_Write
                0x0000beea       0x14 ./phy/fsl_phyksz8081.o
                0x0000beea                PHY_KSZ8081_Write
 .text.PHY_KSZ8081_Read
                0x0000befe       0x14 ./phy/fsl_phyksz8081.o
                0x0000befe                PHY_KSZ8081_Read
 .text.PHY_KSZ8081_EnableLoopback
                0x0000bf12       0xa6 ./phy/fsl_phyksz8081.o
                0x0000bf12                PHY_KSZ8081_EnableLoopback
 .text.ENET_MDIO_Write
                0x0000bfb8       0x2a ./mdio/fsl_enet_mdio.o
 .text.acd_stop
                0x0000bfe2        0xa ./lwip/src/core/ipv4/acd.o
                0x0000bfe2                acd_stop
 .text.acd_restart
                0x0000bfec       0x34 ./lwip/src/core/ipv4/acd.o
 .text.acd_arp_reply
                0x0000c020       0xc4 ./lwip/src/core/ipv4/acd.o
                0x0000c020                acd_arp_reply
 .text.acd_netif_ip_addr_changed
                0x0000c0e4       0x74 ./lwip/src/core/ipv4/acd.o
                0x0000c0e4                acd_netif_ip_addr_changed
 .text.dhcp_set_state
                0x0000c158       0x10 ./lwip/src/core/ipv4/dhcp.o
 .text.dhcp_option_trailer
                0x0000c168       0x3a ./lwip/src/core/ipv4/dhcp.o
 .text.dhcp_supplied_address
                0x0000c1a2       0x28 ./lwip/src/core/ipv4/dhcp.o
                0x0000c1a2                dhcp_supplied_address
 .text.icmp_dest_unreach
                0x0000c1ca        0xc ./lwip/src/core/ipv4/icmp.o
                0x0000c1ca                icmp_dest_unreach
 .text.icmp_time_exceeded
                0x0000c1d6        0xc ./lwip/src/core/ipv4/icmp.o
                0x0000c1d6                icmp_time_exceeded
 .text.ip4_output_if
                0x0000c1e2       0x2a ./lwip/src/core/ipv4/ip4.o
                0x0000c1e2                ip4_output_if
 .text.ip4_addr_isbroadcast_u32
                0x0000c20c       0x3e ./lwip/src/core/ipv4/ip4_addr.o
                0x0000c20c                ip4_addr_isbroadcast_u32
 .text.lwip_htons
                0x0000c24a        0xa ./lwip/src/core/def.o
                0x0000c24a                lwip_htons
 .text.lwip_htonl
                0x0000c254       0x18 ./lwip/src/core/def.o
                0x0000c254                lwip_htonl
 .text.lwip_standard_chksum
                0x0000c26c       0x90 ./lwip/src/core/inet_chksum.o
                0x0000c26c                lwip_standard_chksum
 .text.inet_chksum_pseudo
                0x0000c2fc       0x94 ./lwip/src/core/inet_chksum.o
                0x0000c2fc                inet_chksum_pseudo
 .text.ip_chksum_pseudo
                0x0000c390       0x10 ./lwip/src/core/inet_chksum.o
                0x0000c390                ip_chksum_pseudo
 .text.inet_chksum
                0x0000c3a0        0xc ./lwip/src/core/inet_chksum.o
                0x0000c3a0                inet_chksum
 .text.inet_chksum_pbuf
                0x0000c3ac       0x4e ./lwip/src/core/inet_chksum.o
                0x0000c3ac                inet_chksum_pbuf
 .text.lwip_init
                0x0000c3fa       0x20 ./lwip/src/core/init.o
                0x0000c3fa                lwip_init
 .text.memp_init_pool
                0x0000c41a       0x2c ./lwip/src/core/memp.o
                0x0000c41a                memp_init_pool
 .text.netif_null_output_ip4
                0x0000c446        0x6 ./lwip/src/core/netif.o
 .text.netif_init
                0x0000c44c        0x2 ./lwip/src/core/netif.o
                0x0000c44c                netif_init
 .text.pbuf_alloced_custom
                0x0000c44e       0x38 ./lwip/src/core/pbuf.o
                0x0000c44e                pbuf_alloced_custom
 .text.pbuf_add_header
                0x0000c486        0xa ./lwip/src/core/pbuf.o
                0x0000c486                pbuf_add_header
 .text.pbuf_header_force
                0x0000c490       0x16 ./lwip/src/core/pbuf.o
                0x0000c490                pbuf_header_force
 .text.pbuf_clen
                0x0000c4a6       0x16 ./lwip/src/core/pbuf.o
                0x0000c4a6                pbuf_clen
 .text.pbuf_chain
                0x0000c4bc       0x10 ./lwip/src/core/pbuf.o
                0x0000c4bc                pbuf_chain
 .text.tcp_init
                0x0000c4cc        0x2 ./lwip/src/core/tcp.o
                0x0000c4cc                tcp_init
 .text.tcp_seg_free
                0x0000c4ce       0x1a ./lwip/src/core/tcp.o
                0x0000c4ce                tcp_seg_free
 .text.tcp_segs_free
                0x0000c4e8       0x14 ./lwip/src/core/tcp.o
                0x0000c4e8                tcp_segs_free
 .text.tcp_abort
                0x0000c4fc        0xa ./lwip/src/core/tcp.o
                0x0000c4fc                tcp_abort
 .text.udp_init
                0x0000c506        0x2 ./lwip/src/core/udp.o
                0x0000c506                udp_init
 .text.udp_new  0x0000c508       0x20 ./lwip/src/core/udp.o
                0x0000c508                udp_new
 .text.netifapi_do_netif_common
                0x0000c528       0x16 ./lwip/src/api/netifapi.o
 .text.netifapi_do_netif_add
                0x0000c53e       0x2c ./lwip/src/api/netifapi.o
 .text.tcpip_api_call
                0x0000c56a       0x18 ./lwip/src/api/tcpip.o
                0x0000c56a                tcpip_api_call
 .text.ethernetif_rx_release
                0x0000c582       0x20 ./lwip/port/enet_ethernetif_kinetis.o
 .text.ethernetif_enet_ptr
                0x0000c5a2        0x2 ./lwip/port/enet_ethernetif_kinetis.o
                0x0000c5a2                ethernetif_enet_ptr
 .text.sys_mbox_new
                0x0000c5a4       0x1a ./lwip/port/sys_arch.o
                0x0000c5a4                sys_mbox_new
 .text.sys_arch_mbox_fetch
                0x0000c5be       0x5a ./lwip/port/sys_arch.o
                0x0000c5be                sys_arch_mbox_fetch
 .text.sys_mutex_new
                0x0000c618       0x16 ./lwip/port/sys_arch.o
                0x0000c618                sys_mutex_new
 .text.sys_mutex_lock
                0x0000c62e       0x16 ./lwip/port/sys_arch.o
                0x0000c62e                sys_mutex_lock
 .text.sys_mutex_unlock
                0x0000c644       0x10 ./lwip/port/sys_arch.o
                0x0000c644                sys_mutex_unlock
 .text.sys_init
                0x0000c654        0x2 ./lwip/port/sys_arch.o
                0x0000c654                sys_init
 .text.sys_now  0x0000c656        0x8 ./lwip/port/sys_arch.o
                0x0000c656                sys_now
 .text.sys_arch_protect
                0x0000c65e       0x26 ./lwip/port/sys_arch.o
                0x0000c65e                sys_arch_protect
 .text.sys_arch_unprotect
                0x0000c684       0x14 ./lwip/port/sys_arch.o
                0x0000c684                sys_arch_unprotect
 .text.pvPortMalloc
                0x0000c698       0x18 ./freertos/freertos_kernel/portable/MemMang/heap_3.o
                0x0000c698                pvPortMalloc
 .text.vPortFree
                0x0000c6b0       0x18 ./freertos/freertos_kernel/portable/MemMang/heap_3.o
                0x0000c6b0                vPortFree
 .text.xEventGroupCreate
                0x0000c6c8       0x1a ./freertos/freertos_kernel/event_groups.o
                0x0000c6c8                xEventGroupCreate
 .text.xEventGroupSetBits
                0x0000c6e2       0x90 ./freertos/freertos_kernel/event_groups.o
                0x0000c6e2                xEventGroupSetBits
 .text.vEventGroupSetBitsCallback
                0x0000c772        0x8 ./freertos/freertos_kernel/event_groups.o
                0x0000c772                vEventGroupSetBitsCallback
 .text.vListInitialise
                0x0000c77a       0x16 ./freertos/freertos_kernel/list.o
                0x0000c77a                vListInitialise
 .text.vListInitialiseItem
                0x0000c790        0x6 ./freertos/freertos_kernel/list.o
                0x0000c790                vListInitialiseItem
 .text.vListInsertEnd
                0x0000c796       0x16 ./freertos/freertos_kernel/list.o
                0x0000c796                vListInsertEnd
 .text.vListInsert
                0x0000c7ac       0x32 ./freertos/freertos_kernel/list.o
                0x0000c7ac                vListInsert
 .text.uxListRemove
                0x0000c7de       0x24 ./freertos/freertos_kernel/list.o
                0x0000c7de                uxListRemove
 .text.prvIsQueueEmpty
                0x0000c802       0x16 ./freertos/freertos_kernel/queue.o
 .text.prvCopyDataToQueue
                0x0000c818       0x76 ./freertos/freertos_kernel/queue.o
 .text.prvCopyDataFromQueue
                0x0000c88e       0x24 ./freertos/freertos_kernel/queue.o
 .text.prvUnlockQueue
                0x0000c8b2       0x76 ./freertos/freertos_kernel/queue.o
 .text.xQueueGenericCreate
                0x0000c928       0x4a ./freertos/freertos_kernel/queue.o
                0x0000c928                xQueueGenericCreate
 .text.xQueueCreateMutex
                0x0000c972       0x24 ./freertos/freertos_kernel/queue.o
                0x0000c972                xQueueCreateMutex
 .text.xQueueGenericSendFromISR
                0x0000c996       0xd0 ./freertos/freertos_kernel/queue.o
                0x0000c996                xQueueGenericSendFromISR
 .text.vQueueWaitForMessageRestricted
                0x0000ca66       0x4e ./freertos/freertos_kernel/queue.o
                0x0000ca66                vQueueWaitForMessageRestricted
 .text.ENET_SetMacAddr
                0x0000cab4       0x28 ./drivers/fsl_enet.o
                0x0000cab4                ENET_SetMacAddr
 .text.ENET_StartSMIWrite
                0x0000cadc       0x2e ./drivers/fsl_enet.o
                0x0000cadc                ENET_StartSMIWrite
 .text.ENET_StartSMIRead
                0x0000cb0a       0x22 ./drivers/fsl_enet.o
                0x0000cb0a                ENET_StartSMIRead
 .text.UART0_RX_TX_DriverIRQHandler
                0x0000cb2c        0xc ./drivers/fsl_uart.o
                0x0000cb2c                UART0_RX_TX_DriverIRQHandler
 .text.UART1_RX_TX_DriverIRQHandler
                0x0000cb38        0xc ./drivers/fsl_uart.o
                0x0000cb38                UART1_RX_TX_DriverIRQHandler
 .text.UART2_RX_TX_DriverIRQHandler
                0x0000cb44        0xc ./drivers/fsl_uart.o
                0x0000cb44                UART2_RX_TX_DriverIRQHandler
 .text.UART3_RX_TX_DriverIRQHandler
                0x0000cb50        0xc ./drivers/fsl_uart.o
                0x0000cb50                UART3_RX_TX_DriverIRQHandler
 .text.UART4_RX_TX_DriverIRQHandler
                0x0000cb5c        0xc ./drivers/fsl_uart.o
                0x0000cb5c                UART4_RX_TX_DriverIRQHandler
 .text.UART5_RX_TX_DriverIRQHandler
                0x0000cb68        0xc ./drivers/fsl_uart.o
                0x0000cb68                UART5_RX_TX_DriverIRQHandler
 .text.SystemInitHook
                0x0000cb74        0x2 ./device/system_MK64F12.o
                0x0000cb74                SystemInitHook
 .text.BOARD_InitDebugConsole
                0x0000cb76        0x8 ./board/board.o
                0x0000cb76                BOARD_InitDebugConsole
 .text.BOARD_InitBootClocks
                0x0000cb7e        0x8 ./board/clock_config.o
                0x0000cb7e                BOARD_InitBootClocks
 .text.BOARD_InitBootPins
                0x0000cb86        0x8 ./board/pin_mux.o
                0x0000cb86                BOARD_InitBootPins
 .text.__main   0x0000cb8e        0xe c:/nxp/mcuxpressoide_11.2.0_4120/ide/plugins/com.nxp.mcuxpresso.tools.win32_11.2.0.202001021529/tools/bin/../lib/gcc/arm-none-eabi/9.2.1/../../../../arm-none-eabi/lib/thumb/v7e-m+fp/hard\libcr_semihost_nf.a(_cr__main.o)
                0x0000cb8e                __CR_SEMIHOST
                0x0000cb8e                __main
 .text.memcpy   0x0000cb9c        0x4 c:/nxp/mcuxpressoide_11.2.0_4120/ide/plugins/com.nxp.mcuxpresso.tools.win32_11.2.0.202001021529/tools/bin/../lib/gcc/arm-none-eabi/9.2.1/../../../../arm-none-eabi/lib/thumb/v7e-m+fp/hard\libcr_c.a(memcpy.o)
                0x0000cb9c                memcpy
 .text.memset   0x0000cba0        0x4 c:/nxp/mcuxpressoide_11.2.0_4120/ide/plugins/com.nxp.mcuxpresso.tools.win32_11.2.0.202001021529/tools/bin/../lib/gcc/arm-none-eabi/9.2.1/../../../../arm-none-eabi/lib/thumb/v7e-m+fp/hard\libcr_c.a(memset.o)
                0x0000cba0                memset
 .text.free     0x0000cba4       0x30 c:/nxp/mcuxpressoide_11.2.0_4120/ide/plugins/com.nxp.mcuxpresso.tools.win32_11.2.0.202001021529/tools/bin/../lib/gcc/arm-none-eabi/9.2.1/../../../../arm-none-eabi/lib/thumb/v7e-m+fp/hard\libcr_c.a(alloc.o)
                0x0000cba4                free
 .text.memcmp   0x0000cbd4       0x44 c:/nxp/mcuxpressoide_11.2.0_4120/ide/plugins/com.nxp.mcuxpresso.tools.win32_11.2.0.202001021529/tools/bin/../lib/gcc/arm-none-eabi/9.2.1/../../../../arm-none-eabi/lib/thumb/v7e-m+fp/hard\libcr_c.a(memcmp.o)
                0x0000cbd4                memcmp
 .text.no_fp_display
                0x0000cc18        0x4 c:/nxp/mcuxpressoide_11.2.0_4120/ide/plugins/com.nxp.mcuxpresso.tools.win32_11.2.0.202001021529/tools/bin/../lib/gcc/arm-none-eabi/9.2.1/../../../../arm-none-eabi/lib/thumb/v7e-m+fp/hard\libcr_c.a(printf.o)
 .text.setvbuf  0x0000cc1c       0x3e c:/nxp/mcuxpressoide_11.2.0_4120/ide/plugins/com.nxp.mcuxpresso.tools.win32_11.2.0.202001021529/tools/bin/../lib/gcc/arm-none-eabi/9.2.1/../../../../arm-none-eabi/lib/thumb/v7e-m+fp/hard\libcr_c.a(setvbuf.o)
                0x0000cc1c                setvbuf
 .text.strlen   0x0000cc5a       0x4c c:/nxp/mcuxpressoide_11.2.0_4120/ide/plugins/com.nxp.mcuxpresso.tools.win32_11.2.0.202001021529/tools/bin/../lib/gcc/arm-none-eabi/9.2.1/../../../../arm-none-eabi/lib/thumb/v7e-m+fp/hard\libcr_c.a(strlen.o)
                0x0000cc5a                strlen
 .text._deferredlazyseek
                0x0000cca6       0x40 c:/nxp/mcuxpressoide_11.2.0_4120/ide/plugins/com.nxp.mcuxpresso.tools.win32_11.2.0.202001021529/tools/bin/../lib/gcc/arm-none-eabi/9.2.1/../../../../arm-none-eabi/lib/thumb/v7e-m+fp/hard\libcr_c.a(_deferredlazyseek.o)
                0x0000cca6                _deferredlazyseek
 .text.__flsbuf
                0x0000cce6      0x140 c:/nxp/mcuxpressoide_11.2.0_4120/ide/plugins/com.nxp.mcuxpresso.tools.win32_11.2.0.202001021529/tools/bin/../lib/gcc/arm-none-eabi/9.2.1/../../../../arm-none-eabi/lib/thumb/v7e-m+fp/hard\libcr_c.a(_deferredlazyseek.o)
                0x0000cce6                __flsbuf
 .text._fdopen  0x0000ce26       0x68 c:/nxp/mcuxpressoide_11.2.0_4120/ide/plugins/com.nxp.mcuxpresso.tools.win32_11.2.0.202001021529/tools/bin/../lib/gcc/arm-none-eabi/9.2.1/../../../../arm-none-eabi/lib/thumb/v7e-m+fp/hard\libcr_c.a(_fdopen.o)
                0x0000ce26                _fdopen
 .text._fflush  0x0000ce8e       0x52 c:/nxp/mcuxpressoide_11.2.0_4120/ide/plugins/com.nxp.mcuxpresso.tools.win32_11.2.0.202001021529/tools/bin/../lib/gcc/arm-none-eabi/9.2.1/../../../../arm-none-eabi/lib/thumb/v7e-m+fp/hard\libcr_c.a(_fflush.o)
                0x0000ce8e                _fflush
 .text.fclose   0x0000cee0       0x58 c:/nxp/mcuxpressoide_11.2.0_4120/ide/plugins/com.nxp.mcuxpresso.tools.win32_11.2.0.202001021529/tools/bin/../lib/gcc/arm-none-eabi/9.2.1/../../../../arm-none-eabi/lib/thumb/v7e-m+fp/hard\libcr_c.a(fclose.o)
                0x0000cee0                fclose
 .text.remove   0x0000cf38       0x14 c:/nxp/mcuxpressoide_11.2.0_4120/ide/plugins/com.nxp.mcuxpresso.tools.win32_11.2.0.202001021529/tools/bin/../lib/gcc/arm-none-eabi/9.2.1/../../../../arm-none-eabi/lib/thumb/v7e-m+fp/hard\libcr_c.a(remove.o)
                0x0000cf38                remove
 .text._do_fflush
                0x0000cf4c       0x40 c:/nxp/mcuxpressoide_11.2.0_4120/ide/plugins/com.nxp.mcuxpresso.tools.win32_11.2.0.202001021529/tools/bin/../lib/gcc/arm-none-eabi/9.2.1/../../../../arm-none-eabi/lib/thumb/v7e-m+fp/hard\libcr_c.a(_do_fflush.o)
                0x0000cf4c                _do_fflush
 .text.__aeabi_memcpy
                0x0000cf8c       0x34 c:/nxp/mcuxpressoide_11.2.0_4120/ide/plugins/com.nxp.mcuxpresso.tools.win32_11.2.0.202001021529/tools/bin/../lib/gcc/arm-none-eabi/9.2.1/thumb/v7e-m+fp/hard\libcr_eabihelpers.a(memcpy.o)
                0x0000cf8c                __aeabi_memcpy
                0x0000cf96                __aeabi_memcpy8
                0x0000cf96                __aeabi_memcpy4
 .text.__aeabi_memset_lowlevel
                0x0000cfc0       0x32 c:/nxp/mcuxpressoide_11.2.0_4120/ide/plugins/com.nxp.mcuxpresso.tools.win32_11.2.0.202001021529/tools/bin/../lib/gcc/arm-none-eabi/9.2.1/thumb/v7e-m+fp/hard\libcr_eabihelpers.a(memcpy.o)
                0x0000cfc0                __aeabi_lowlevel_memset
 .text.__sys_close
                0x0000cff2        0xc c:/nxp/mcuxpressoide_11.2.0_4120/ide/plugins/com.nxp.mcuxpresso.tools.win32_11.2.0.202001021529/tools/bin/../lib/gcc/arm-none-eabi/9.2.1/../../../../arm-none-eabi/lib/thumb/v7e-m+fp/hard\libcr_semihost_nf.a(__sys_close.o)
                0x0000cff2                __sys_close
 .text.__sys_flen
                0x0000cffe        0xc c:/nxp/mcuxpressoide_11.2.0_4120/ide/plugins/com.nxp.mcuxpresso.tools.win32_11.2.0.202001021529/tools/bin/../lib/gcc/arm-none-eabi/9.2.1/../../../../arm-none-eabi/lib/thumb/v7e-m+fp/hard\libcr_semihost_nf.a(__sys_flen.o)
                0x0000cffe                __sys_flen
 .text.__sys_istty
                0x0000d00a        0xc c:/nxp/mcuxpressoide_11.2.0_4120/ide/plugins/com.nxp.mcuxpresso.tools.win32_11.2.0.202001021529/tools/bin/../lib/gcc/arm-none-eabi/9.2.1/../../../../arm-none-eabi/lib/thumb/v7e-m+fp/hard\libcr_semihost_nf.a(__sys_istty.o)
                0x0000d00a                __sys_istty
 .text.__sys_remove
                0x0000d016        0xc c:/nxp/mcuxpressoide_11.2.0_4120/ide/plugins/com.nxp.mcuxpresso.tools.win32_11.2.0.202001021529/tools/bin/../lib/gcc/arm-none-eabi/9.2.1/../../../../arm-none-eabi/lib/thumb/v7e-m+fp/hard\libcr_semihost_nf.a(__sys_remove.o)
                0x0000d016                __sys_remove
 .text.__sys_seek
                0x0000d022        0xc c:/nxp/mcuxpressoide_11.2.0_4120/ide/plugins/com.nxp.mcuxpresso.tools.win32_11.2.0.202001021529/tools/bin/../lib/gcc/arm-none-eabi/9.2.1/../../../../arm-none-eabi/lib/thumb/v7e-m+fp/hard\libcr_semihost_nf.a(__sys_seek.o)
                0x0000d022                __sys_seek
 .text.__sys_tmpnam
                0x0000d02e        0xc c:/nxp/mcuxpressoide_11.2.0_4120/ide/plugins/com.nxp.mcuxpresso.tools.win32_11.2.0.202001021529/tools/bin/../lib/gcc/arm-none-eabi/9.2.1/../../../../arm-none-eabi/lib/thumb/v7e-m+fp/hard\libcr_semihost_nf.a(__sys_tmpnam.o)
                0x0000d02e                __sys_tmpnam
 .text.__sys_write
                0x0000d03a        0xc c:/nxp/mcuxpressoide_11.2.0_4120/ide/plugins/com.nxp.mcuxpresso.tools.win32_11.2.0.202001021529/tools/bin/../lib/gcc/arm-none-eabi/9.2.1/../../../../arm-none-eabi/lib/thumb/v7e-m+fp/hard\libcr_semihost_nf.a(__sys_write.o)
                0x0000d03a                __sys_write
 *freertos*/tasks.o(SORT_BY_ALIGNMENT(.rodata*))
 *fill*         0x0000d046        0x2 ff
 .rodata.vTaskStartScheduler.str1.4
                0x0000d048        0x5 ./freertos/freertos_kernel/tasks.o
 *fill*         0x0000d04d        0x3 ff
 .rodata.vTaskList.str1.4
                0x0000d050        0xf ./freertos/freertos_kernel/tasks.o
 *fill*         0x0000d05f        0x1 ff
 .rodata        0x0000d060       0x1c ./freertos/freertos_kernel/tasks.o
                0x0000d060                FreeRTOSDebugConfig
                0x0000d078                portArch_Name
 *(SORT_BY_ALIGNMENT(.rodata) SORT_BY_ALIGNMENT(.rodata.*) SORT_BY_ALIGNMENT(.constdata) SORT_BY_ALIGNMENT(.constdata.*))
 .rodata.__assertion_failed.str1.4
                0x0000d07c       0x14 ./utilities/fsl_assert.o
 .rodata.httpsclient_task.str1.4
                0x0000d090       0x50 ./source/k64_main.o
 .rodata.main.str1.4
                0x0000d0e0       0x2c ./source/k64_main.o
 .rodata        0x0000d10c        0xc ./source/k64_main.o
 .rodata.PHY_KSZ8081_GetLinkStatus.str1.4
                0x0000d118       0x1f ./phy/fsl_phyksz8081.o
 *fill*         0x0000d137        0x1 ff
 .rodata.PHY_KSZ8081_GetLinkSpeedDuplex.str1.4
                0x0000d138       0x1f ./phy/fsl_phyksz8081.o
 *fill*         0x0000d157        0x1 ff
 .rodata.phyksz8081_ops
                0x0000d158       0x18 ./phy/fsl_phyksz8081.o
                0x0000d158                phyksz8081_ops
 .rodata.ENET_MDIO_Read.str1.4
                0x0000d170       0x1e ./mdio/fsl_enet_mdio.o
 *fill*         0x0000d18e        0x2 ff
 .rodata.enet_ops
                0x0000d190       0x14 ./mdio/fsl_enet_mdio.o
                0x0000d190                enet_ops
 .rodata.ethernet_output.str1.4
                0x0000d1a4       0x31 ./lwip/src/netif/ethernet.o
 *fill*         0x0000d1d5        0x3 ff
 .rodata.ethbroadcast
                0x0000d1d8        0x6 ./lwip/src/netif/ethernet.o
                0x0000d1d8                ethbroadcast
 *fill*         0x0000d1de        0x2 ff
 .rodata.ethzero
                0x0000d1e0        0x6 ./lwip/src/netif/ethernet.o
                0x0000d1e0                ethzero
 *fill*         0x0000d1e6        0x2 ff
 .rodata.acd_add.str1.4
                0x0000d1e8       0x1e ./lwip/src/core/ipv4/acd.o
 *fill*         0x0000d206        0x2 ff
 .rodata.dhcp_option_short.str1.4
                0x0000d208       0x3b ./lwip/src/core/ipv4/dhcp.o
 *fill*         0x0000d243        0x1 ff
 .rodata.dhcp_option.str1.4
                0x0000d244       0x42 ./lwip/src/core/ipv4/dhcp.o
 *fill*         0x0000d286        0x2 ff
 .rodata.dhcp_option_byte.str1.4
                0x0000d288       0x35 ./lwip/src/core/ipv4/dhcp.o
 *fill*         0x0000d2bd        0x3 ff
 .rodata.dhcp_option_long.str1.4
                0x0000d2c0       0x3a ./lwip/src/core/ipv4/dhcp.o
 *fill*         0x0000d2fa        0x2 ff
 .rodata.dhcp_create_msg.str1.4
                0x0000d2fc       0x80 ./lwip/src/core/ipv4/dhcp.o
                                 0x84 (size before relaxing)
 .rodata.dhcp_select.str1.4
                0x0000d37c       0x36 ./lwip/src/core/ipv4/dhcp.o
 *fill*         0x0000d3b2        0x2 ff
 .rodata.dhcp_bind.str1.4
                0x0000d3b4       0x34 ./lwip/src/core/ipv4/dhcp.o
 .rodata.dhcp_dec_pcb_refcount.str1.4
                0x0000d3e8       0x24 ./lwip/src/core/ipv4/dhcp.o
 .rodata.dhcp_inc_pcb_refcount.str1.4
                0x0000d40c       0x25 ./lwip/src/core/ipv4/dhcp.o
 *fill*         0x0000d431        0x3 ff
 .rodata.dhcp_set_struct.str1.4
                0x0000d434       0x44 ./lwip/src/core/ipv4/dhcp.o
 .rodata.dhcp_start.str1.4
                0x0000d478       0x21 ./lwip/src/core/ipv4/dhcp.o
 *fill*         0x0000d499        0x3 ff
 .rodata.dhcp_discover_request_options
                0x0000d49c        0x3 ./lwip/src/core/ipv4/dhcp.o
 *fill*         0x0000d49f        0x1 ff
 .rodata.etharp_find_entry.str1.4
                0x0000d4a0       0x41 ./lwip/src/core/ipv4/etharp.o
 *fill*         0x0000d4e1        0x3 ff
 .rodata.etharp_raw.str1.4
                0x0000d4e4       0x75 ./lwip/src/core/ipv4/etharp.o
                                 0x85 (size before relaxing)
 *fill*         0x0000d559        0x3 ff
 .rodata.etharp_get_entry.str1.4
                0x0000d55c       0x20 ./lwip/src/core/ipv4/etharp.o
 .rodata.etharp_input.str1.4
                0x0000d57c       0x24 ./lwip/src/core/ipv4/etharp.o