13:23:30 **** Build of configuration Debug for project Diego_frdmk64f_lwip_httpscli_mbedTLS_freertos ****
make -r -j4 all 
Building target: Diego_frdmk64f_lwip_httpscli_mbedTLS_freertos.axf
Invoking: MCU Linker
arm-none-eabi-gcc -nostdlib -L"C:\mcuprjt\Diego_K64_LWIP_HTTPS\K64_HTTPS_client_MBEB_TLS_\K64_HTTPS_client_MBEB_TLS_\Diego_frdmk64f_lwip_httpscli_mbedTLS_freertos\libs" -Xlinker -Map="Diego_frdmk64f_lwip_httpscli_mbedTLS_freertos.map" -Xlinker --gc-sections -Xlinker -print-memory-usage -Xlinker --sort-section=alignment -Xlinker --cref -mcpu=cortex-m4 -mfpu=fpv4-sp-d16 -mfloat-abi=hard -mthumb -T "frdmk64f_lwip_httpclient_mbedTLS_freertos_Debug.ld" -o "Diego_frdmk64f_lwip_httpscli_mbedTLS_freertos.axf"  ./utilities/fsl_assert.o ./utilities/fsl_debug_console.o ./utilities/fsl_str.o  ./startup/startup_mk64f12.o  ./source/k64_main.o ./source/semihost_hardfault.o  ./phy/fsl_phyksz8081.o  ./mmcau/mmcau_source/fsl_mmcau.o  ./mdio/fsl_enet_mdio.o  ./mbedtls/port/ksdk/aes_alt.o ./mbedtls/port/ksdk/des_alt.o ./mbedtls/port/ksdk/ecp_alt.o ./mbedtls/port/ksdk/ecp_alt_ksdk.o ./mbedtls/port/ksdk/ecp_curves_alt.o ./mbedtls/port/ksdk/ksdk_mbedtls.o  ./mbedtls/library/aes.o ./mbedtls/library/aesni.o ./mbedtls/library/arc4.o ./mbedtls/library/aria.o ./mbedtls/library/asn1parse.o ./mbedtls/library/asn1write.o ./mbedtls/library/base64.o ./mbedtls/library/bignum.o ./mbedtls/library/blowfish.o ./mbedtls/library/camellia.o ./mbedtls/library/ccm.o ./mbedtls/library/certs.o ./mbedtls/library/chacha20.o ./mbedtls/library/chachapoly.o ./mbedtls/library/cipher.o ./mbedtls/library/cipher_wrap.o ./mbedtls/library/cmac.o ./mbedtls/library/ctr_drbg.o ./mbedtls/library/debug.o ./mbedtls/library/des.o ./mbedtls/library/dhm.o ./mbedtls/library/ecdh.o ./mbedtls/library/ecdsa.o ./mbedtls/library/ecjpake.o ./mbedtls/library/ecp.o ./mbedtls/library/ecp_curves.o ./mbedtls/library/entropy.o ./mbedtls/library/entropy_poll.o ./mbedtls/library/error.o ./mbedtls/library/gcm.o ./mbedtls/library/havege.o ./mbedtls/library/hkdf.o ./mbedtls/library/hmac_drbg.o ./mbedtls/library/md.o ./mbedtls/library/md2.o ./mbedtls/library/md4.o ./mbedtls/library/md5.o ./mbedtls/library/md_wrap.o ./mbedtls/library/memory_buffer_alloc.o ./mbedtls/library/net_sockets.o ./mbedtls/library/nist_kw.o ./mbedtls/library/oid.o ./mbedtls/library/padlock.o ./mbedtls/library/pem.o ./mbedtls/library/pk.o ./mbedtls/library/pk_wrap.o ./mbedtls/library/pkcs11.o ./mbedtls/library/pkcs12.o ./mbedtls/library/pkcs5.o ./mbedtls/library/pkparse.o ./mbedtls/library/pkwrite.o ./mbedtls/library/platform.o ./mbedtls/library/platform_util.o ./mbedtls/library/poly1305.o ./mbedtls/library/ripemd160.o ./mbedtls/library/rsa.o ./mbedtls/library/rsa_internal.o ./mbedtls/library/sha1.o ./mbedtls/library/sha256.o ./mbedtls/library/sha512.o ./mbedtls/library/ssl_cache.o ./mbedtls/library/ssl_ciphersuites.o ./mbedtls/library/ssl_cli.o ./mbedtls/library/ssl_cookie.o ./mbedtls/library/ssl_srv.o ./mbedtls/library/ssl_ticket.o ./mbedtls/library/ssl_tls.o ./mbedtls/library/threading.o ./mbedtls/library/timing.o ./mbedtls/library/version.o ./mbedtls/library/version_features.o ./mbedtls/library/x509.o ./mbedtls/library/x509_create.o ./mbedtls/library/x509_crl.o ./mbedtls/library/x509_crt.o ./mbedtls/library/x509_csr.o ./mbedtls/library/x509write_crt.o ./mbedtls/library/x509write_csr.o ./mbedtls/library/xtea.o  ./lwip/src/netif/ppp/auth.o ./lwip/src/netif/ppp/ccp.o ./lwip/src/netif/ppp/chap-md5.o ./lwip/src/netif/ppp/chap-new.o ./lwip/src/netif/ppp/chap_ms.o ./lwip/src/netif/ppp/demand.o ./lwip/src/netif/ppp/eap.o ./lwip/src/netif/ppp/eui64.o ./lwip/src/netif/ppp/fsm.o ./lwip/src/netif/ppp/ipcp.o ./lwip/src/netif/ppp/ipv6cp.o ./lwip/src/netif/ppp/lcp.o ./lwip/src/netif/ppp/lwip_ecp.o ./lwip/src/netif/ppp/magic.o ./lwip/src/netif/ppp/mppe.o ./lwip/src/netif/ppp/multilink.o ./lwip/src/netif/ppp/ppp.o ./lwip/src/netif/ppp/pppapi.o ./lwip/src/netif/ppp/pppcrypt.o ./lwip/src/netif/ppp/pppoe.o ./lwip/src/netif/ppp/pppol2tp.o ./lwip/src/netif/ppp/pppos.o ./lwip/src/netif/ppp/upap.o ./lwip/src/netif/ppp/utils.o ./lwip/src/netif/ppp/vj.o  ./lwip/src/netif/bridgeif.o ./lwip/src/netif/bridgeif_fdb.o ./lwip/src/netif/ethernet.o ./lwip/src/netif/lowpan6.o ./lwip/src/netif/lowpan6_ble.o ./lwip/src/netif/lowpan6_common.o ./lwip/src/netif/slipif.o ./lwip/src/netif/zepif.o  ./lwip/src/core/ipv6/dhcp6.o ./lwip/src/core/ipv6/ethip6.o ./lwip/src/core/ipv6/icmp6.o ./lwip/src/core/ipv6/inet6.o ./lwip/src/core/ipv6/ip6.o ./lwip/src/core/ipv6/ip6_addr.o ./lwip/src/core/ipv6/ip6_frag.o ./lwip/src/core/ipv6/mld6.o ./lwip/src/core/ipv6/nd6.o  ./lwip/src/core/ipv4/acd.o ./lwip/src/core/ipv4/autoip.o ./lwip/src/core/ipv4/dhcp.o ./lwip/src/core/ipv4/etharp.o ./lwip/src/core/ipv4/icmp.o ./lwip/src/core/ipv4/igmp.o ./lwip/src/core/ipv4/ip4.o ./lwip/src/core/ipv4/ip4_addr.o ./lwip/src/core/ipv4/ip4_frag.o  ./lwip/src/core/altcp.o ./lwip/src/core/altcp_alloc.o ./lwip/src/core/altcp_tcp.o ./lwip/src/core/def.o ./lwip/src/core/dns.o ./lwip/src/core/inet_chksum.o ./lwip/src/core/init.o ./lwip/src/core/ip.o ./lwip/src/core/mem.o ./lwip/src/core/memp.o ./lwip/src/core/netif.o ./lwip/src/core/pbuf.o ./lwip/src/core/raw.o ./lwip/src/core/stats.o ./lwip/src/core/sys.o ./lwip/src/core/tcp.o ./lwip/src/core/tcp_in.o ./lwip/src/core/tcp_out.o ./lwip/src/core/timeouts.o ./lwip/src/core/udp.o  ./lwip/src/api/api_lib.o ./lwip/src/api/api_msg.o ./lwip/src/api/err.o ./lwip/src/api/if_api.o ./lwip/src/api/netbuf.o ./lwip/src/api/netdb.o ./lwip/src/api/netifapi.o ./lwip/src/api/sockets.o ./lwip/src/api/tcpip.o  ./lwip/port/enet_ethernetif.o ./lwip/port/enet_ethernetif_kinetis.o ./lwip/port/sys_arch.o  ./freertos/freertos_kernel/portable/MemMang/heap_3.o  ./freertos/freertos_kernel/portable/GCC/ARM_CM4F/port.o  ./freertos/freertos_kernel/croutine.o ./freertos/freertos_kernel/event_groups.o ./freertos/freertos_kernel/list.o ./freertos/freertos_kernel/queue.o ./freertos/freertos_kernel/stream_buffer.o ./freertos/freertos_kernel/tasks.o ./freertos/freertos_kernel/timers.o  ./drivers/fsl_clock.o ./drivers/fsl_common.o ./drivers/fsl_enet.o ./drivers/fsl_ftfx_cache.o ./drivers/fsl_ftfx_controller.o ./drivers/fsl_ftfx_flash.o ./drivers/fsl_ftfx_flexnvm.o ./drivers/fsl_gpio.o ./drivers/fsl_rnga.o ./drivers/fsl_sim.o ./drivers/fsl_smc.o ./drivers/fsl_uart.o  ./device/system_MK64F12.o  ./component/uart/uart_adapter.o  ./component/serial_manager/serial_manager.o ./component/serial_manager/serial_port_uart.o  ./component/lists/generic_list.o  ./cli_files/httpsclient.o  ./board/board.o ./board/clock_config.o ./board/pin_mux.o   -l_mmcau
Memory region         Used Size  Region Size  %age Used
   PROGRAM_FLASH:      225352 B         1 MB     21.49%
      SRAM_UPPER:      162368 B       192 KB     82.58%
      SRAM_LOWER:          0 GB        64 KB      0.00%
        FLEX_RAM:          0 GB         4 KB      0.00%
Finished building target: Diego_frdmk64f_lwip_httpscli_mbedTLS_freertos.axf
 
make --no-print-directory post-build
Performing post-build steps
arm-none-eabi-size "Diego_frdmk64f_lwip_httpscli_mbedTLS_freertos.axf"; # arm-none-eabi-objcopy -v -O binary "Diego_frdmk64f_lwip_httpscli_mbedTLS_freertos.axf" "Diego_frdmk64f_lwip_httpscli_mbedTLS_freertos.bin" ; # checksum -p MK64FN1M0xxx12 -d "Diego_frdmk64f_lwip_httpscli_mbedTLS_freertos.bin";
   text	   data	    bss	    dec	    hex	filename
 224384	    968	 161392	 386744	  5e6b8	Diego_frdmk64f_lwip_httpscli_mbedTLS_freertos.axf
 

13:23:37 Build Finished. 0 errors, 0 warnings. (took 6s.156ms)

